Component: ARM Compiler 5.06 update 5 (build 528) Tool: armlink [4d35e2]

==============================================================================

Section Cross References

    system_mm32l3xx.o(i.SetSysClock) refers to system_mm32l3xx.o(i.SetSysClockTo96_HSI) for SetSysClockTo96_HSI
    system_mm32l3xx.o(i.SystemInit) refers to system_mm32l3xx.o(i.SetSysClock) for SetSysClock
    startup_mm32l3xx.o(RESET) refers to startup_mm32l3xx.o(STACK) for __initial_sp
    startup_mm32l3xx.o(RESET) refers to startup_mm32l3xx.o(.text) for Reset_Handler
    startup_mm32l3xx.o(RESET) refers to main.o(i.UART2_IRQHandler) for UART2_IRQHandler
    startup_mm32l3xx.o(.text) refers to system_mm32l3xx.o(i.SystemInit) for SystemInit
    startup_mm32l3xx.o(.text) refers to entry.o(.ARM.Collect$$$$00000000) for __main
    hal_adc.o(i.ADC_DeInit) refers to hal_rcc.o(i.RCC_APB2PeriphResetCmd) for RCC_APB2PeriphResetCmd
    hal_aes.o(i.AES_CBC_Decrypt) refers to hal_aes.o(i.AES_GetFlagStatus) for AES_GetFlagStatus
    hal_aes.o(i.AES_CBC_Decrypt) refers to hal_aes.o(i.AES_ClearFlag) for AES_ClearFlag
    hal_aes.o(i.AES_CBC_Decrypt) refers to hal_aes.o(i.AES_WriteSubData) for AES_WriteSubData
    hal_aes.o(i.AES_CBC_Encrypt) refers to hal_aes.o(i.AES_WriteSubData) for AES_WriteSubData
    hal_aes.o(i.AES_CBC_Encrypt) refers to hal_aes.o(i.AES_GetFlagStatus) for AES_GetFlagStatus
    hal_aes.o(i.AES_CBC_Encrypt) refers to hal_aes.o(i.AES_ClearFlag) for AES_ClearFlag
    hal_aes.o(i.AES_CFB_Decrypt) refers to hal_aes.o(i.AES_GetFlagStatus) for AES_GetFlagStatus
    hal_aes.o(i.AES_CFB_Decrypt) refers to hal_aes.o(i.AES_ClearFlag) for AES_ClearFlag
    hal_aes.o(i.AES_CFB_Decrypt) refers to hal_aes.o(i.AES_WriteSubData) for AES_WriteSubData
    hal_aes.o(i.AES_CFB_Encrypt) refers to hal_aes.o(i.AES_WriteSubData) for AES_WriteSubData
    hal_aes.o(i.AES_CFB_Encrypt) refers to hal_aes.o(i.AES_GetFlagStatus) for AES_GetFlagStatus
    hal_aes.o(i.AES_CFB_Encrypt) refers to hal_aes.o(i.AES_ClearFlag) for AES_ClearFlag
    hal_aes.o(i.AES_CTR_Decrypt) refers to hal_aes.o(i.AES_GetFlagStatus) for AES_GetFlagStatus
    hal_aes.o(i.AES_CTR_Decrypt) refers to hal_aes.o(i.AES_ClearFlag) for AES_ClearFlag
    hal_aes.o(i.AES_CTR_Decrypt) refers to hal_aes.o(i.AES_WriteSubData) for AES_WriteSubData
    hal_aes.o(i.AES_CTR_Encrypt) refers to hal_aes.o(i.AES_WriteSubData) for AES_WriteSubData
    hal_aes.o(i.AES_CTR_Encrypt) refers to hal_aes.o(i.AES_GetFlagStatus) for AES_GetFlagStatus
    hal_aes.o(i.AES_CTR_Encrypt) refers to hal_aes.o(i.AES_ClearFlag) for AES_ClearFlag
    hal_aes.o(i.AES_DeInit) refers to hal_rcc.o(i.RCC_AHBPeriphClockCmd) for RCC_AHBPeriphClockCmd
    hal_aes.o(i.AES_ECB_Decrypt) refers to hal_aes.o(i.AES_Write_KEY) for AES_Write_KEY
    hal_aes.o(i.AES_ECB_Decrypt) refers to hal_aes.o(i.AES_Write_Data) for AES_Write_Data
    hal_aes.o(i.AES_ECB_Decrypt) refers to hal_aes.o(i.AES_GetFlagStatus) for AES_GetFlagStatus
    hal_aes.o(i.AES_ECB_Decrypt) refers to hal_aes.o(i.AES_ClearFlag) for AES_ClearFlag
    hal_aes.o(i.AES_ECB_Decrypt) refers to hal_aes.o(i.AES_Read_Data) for AES_Read_Data
    hal_aes.o(i.AES_ECB_Encrypt) refers to hal_aes.o(i.AES_Write_KEY) for AES_Write_KEY
    hal_aes.o(i.AES_ECB_Encrypt) refers to hal_aes.o(i.AES_Write_Data) for AES_Write_Data
    hal_aes.o(i.AES_ECB_Encrypt) refers to hal_aes.o(i.AES_GetFlagStatus) for AES_GetFlagStatus
    hal_aes.o(i.AES_ECB_Encrypt) refers to hal_aes.o(i.AES_ClearFlag) for AES_ClearFlag
    hal_aes.o(i.AES_ECB_Encrypt) refers to hal_aes.o(i.AES_Read_Data) for AES_Read_Data
    hal_aes.o(i.AES_OFB_Decrypt) refers to hal_aes.o(i.AES_GetFlagStatus) for AES_GetFlagStatus
    hal_aes.o(i.AES_OFB_Decrypt) refers to hal_aes.o(i.AES_ClearFlag) for AES_ClearFlag
    hal_aes.o(i.AES_OFB_Decrypt) refers to hal_aes.o(i.AES_WriteSubData) for AES_WriteSubData
    hal_aes.o(i.AES_OFB_Encrypt) refers to hal_aes.o(i.AES_WriteSubData) for AES_WriteSubData
    hal_aes.o(i.AES_OFB_Encrypt) refers to hal_aes.o(i.AES_GetFlagStatus) for AES_GetFlagStatus
    hal_aes.o(i.AES_OFB_Encrypt) refers to hal_aes.o(i.AES_ClearFlag) for AES_ClearFlag
    hal_aes.o(i.AES_Write_Data) refers to hal_aes.o(i.AES_WriteSubData) for AES_WriteSubData
    hal_bkp.o(i.BKP_DeInit) refers to hal_rcc.o(i.RCC_BackupResetCmd) for RCC_BackupResetCmd
    hal_can.o(i.CAN_DeInit) refers to hal_rcc.o(i.RCC_APB1PeriphResetCmd) for RCC_APB1PeriphResetCmd
    hal_can.o(i.CAN_Peli_Receive) refers to hal_can.o(i.CAN_FIFORelease) for CAN_FIFORelease
    hal_can.o(i.CAN_Receive) refers to hal_can.o(i.CAN_FIFORelease) for CAN_FIFORelease
    hal_crc.o(i.CRC_CalcCRC) refers to hal_crc.o(i.CRC_GetCRC) for CRC_GetCRC
    hal_dac.o(i.DAC_DeInit) refers to hal_rcc.o(i.RCC_APB1PeriphResetCmd) for RCC_APB1PeriphResetCmd
    hal_flash.o(i.FLASH_EnableWriteProtection) refers to hal_flash.o(i.FLASH_WaitForLastOperation) for FLASH_WaitForLastOperation
[...]
    fdiv.o(.text) refers to fepilogue.o(.text) for _float_round
    dmul.o(.text) refers (Special) to iusefp.o(.text) for __I$use$fp
    dmul.o(.text) refers to depilogue.o(.text) for _double_epilogue
    ffltui.o(.text) refers (Special) to iusefp.o(.text) for __I$use$fp
    ffltui.o(.text) refers to fepilogue.o(.text) for _float_epilogue
    f2d.o(.text) refers (Special) to iusefp.o(.text) for __I$use$fp
    d2f.o(.text) refers (Special) to iusefp.o(.text) for __I$use$fp
    d2f.o(.text) refers to fepilogue.o(.text) for _float_round
    entry2.o(.ARM.Collect$$$$00000001) refers to entry2.o(.ARM.Collect$$$$00002712) for __lit__00000000
    entry2.o(.ARM.Collect$$$$00002712) refers to startup_mm32l3xx.o(STACK) for __initial_sp
    entry2.o(__vectab_stack_and_reset_area) refers to startup_mm32l3xx.o(STACK) for __initial_sp
    entry2.o(__vectab_stack_and_reset_area) refers to entry.o(.ARM.Collect$$$$00000000) for __main
    entry5.o(.ARM.Collect$$$$00000004) refers to init.o(.text) for __scatterload
    entry9a.o(.ARM.Collect$$$$0000000B) refers to main.o(i.main) for main
    entry9b.o(.ARM.Collect$$$$0000000C) refers to main.o(i.main) for main
    uldiv.o(.text) refers to llushr.o(.text) for __aeabi_llsr
    uldiv.o(.text) refers to llshl.o(.text) for __aeabi_llsl
    depilogue.o(.text) refers to llshl.o(.text) for __aeabi_llsl
    depilogue.o(.text) refers to llushr.o(.text) for __aeabi_llsr
    dadd.o(.text) refers to llshl.o(.text) for __aeabi_llsl
    dadd.o(.text) refers to llsshr.o(.text) for __aeabi_lasr
    dadd.o(.text) refers to depilogue.o(.text) for _double_epilogue
    ddiv.o(.text) refers to depilogue.o(.text) for _double_round
    dfixul.o(.text) refers to llushr.o(.text) for __aeabi_llsr
    dfixul.o(.text) refers to llshl.o(.text) for __aeabi_llsl
    init.o(.text) refers to entry5.o(.ARM.Collect$$$$00000004) for __main_after_scatterload


==============================================================================

Removing Unused input sections from the image.

    Removing system_mm32l3xx.o(.rev16_text), (4 bytes).
    Removing system_mm32l3xx.o(.revsh_text), (4 bytes).
    Removing system_mm32l3xx.o(.rrx_text), (6 bytes).
    Removing startup_mm32l3xx.o(HEAP), (512 bytes).
    Removing hal_adc.o(.rev16_text), (4 bytes).
    Removing hal_adc.o(.revsh_text), (4 bytes).
    Removing hal_adc.o(.rrx_text), (6 bytes).
    Removing hal_adc.o(i.ADC_AnalogWatchdogCmd), (16 bytes).
    Removing hal_adc.o(i.ADC_AnalogWatchdogSingleChannelConfig), (18 bytes).
    Removing hal_adc.o(i.ADC_AnalogWatchdogThresholdsConfig), (12 bytes).
    Removing hal_adc.o(i.ADC_ClearITPendingBit), (4 bytes).
    Removing hal_adc.o(i.ADC_DMACmd), (22 bytes).
    Removing hal_adc.o(i.ADC_DeInit), (68 bytes).
    Removing hal_adc.o(i.ADC_ExternalTrigConvCmd), (22 bytes).
    Removing hal_adc.o(i.ADC_ExternalTrigInjectedConvCmd), (22 bytes).
    Removing hal_adc.o(i.ADC_ExternalTrigInjectedConvConfig), (16 bytes).
    Removing hal_adc.o(i.ADC_GetConversionValue), (8 bytes).
    Removing hal_adc.o(i.ADC_GetDualModeConversionValue), (12 bytes).
    Removing hal_adc.o(i.ADC_GetFlagStatus), (18 bytes).
    Removing hal_adc.o(i.ADC_GetITStatus), (18 bytes).
    Removing hal_adc.o(i.ADC_GetSoftwareStartConvStatus), (20 bytes).
    Removing hal_adc.o(i.ADC_ITConfig), (18 bytes).
    Removing hal_adc.o(i.ADC_StructInit), (16 bytes).
    Removing hal_adc.o(i.ADC_TempSensorVrefintCmd), (64 bytes).
    Removing hal_aes.o(.rev16_text), (4 bytes).
    Removing hal_aes.o(.revsh_text), (4 bytes).
    Removing hal_aes.o(.rrx_text), (6 bytes).
    Removing hal_aes.o(i.AES_CBC_Decrypt), (676 bytes).
    Removing hal_aes.o(i.AES_CBC_Encrypt), (580 bytes).
    Removing hal_aes.o(i.AES_CFB_Decrypt), (692 bytes).
    Removing hal_aes.o(i.AES_CFB_Encrypt), (580 bytes).
    Removing hal_aes.o(i.AES_CTR_Decrypt), (688 bytes).
    Removing hal_aes.o(i.AES_CTR_Encrypt), (580 bytes).
    Removing hal_aes.o(i.AES_ClearFlag), (36 bytes).
    Removing hal_aes.o(i.AES_ClearITPendingBit), (20 bytes).
    Removing hal_aes.o(i.AES_Cmd), (36 bytes).
    Removing hal_aes.o(i.AES_DMAConfig), (32 bytes).
    Removing hal_aes.o(i.AES_DeInit), (20 bytes).
    Removing hal_aes.o(i.AES_ECB_Decrypt), (168 bytes).
    Removing hal_aes.o(i.AES_ECB_Encrypt), (156 bytes).
    Removing hal_aes.o(i.AES_GetFlagStatus), (24 bytes).
    Removing hal_aes.o(i.AES_GetITStatus), (80 bytes).
    Removing hal_aes.o(i.AES_ITConfig), (32 bytes).
    Removing hal_aes.o(i.AES_IVInit), (24 bytes).
    Removing hal_aes.o(i.AES_IVStructInit), (12 bytes).
    Removing hal_aes.o(i.AES_Init), (36 bytes).
    Removing hal_aes.o(i.AES_KeyInit), (40 bytes).
    Removing hal_aes.o(i.AES_KeySize), (24 bytes).
    Removing hal_aes.o(i.AES_KeyStructInit), (20 bytes).
    Removing hal_aes.o(i.AES_OFB_Decrypt), (884 bytes).
    Removing hal_aes.o(i.AES_OFB_Encrypt), (588 bytes).
    Removing hal_aes.o(i.AES_ReadIV), (32 bytes).
    Removing hal_aes.o(i.AES_ReadKey), (56 bytes).
    Removing hal_aes.o(i.AES_ReadSubData), (12 bytes).
    Removing hal_aes.o(i.AES_Read_Data), (104 bytes).
    Removing hal_aes.o(i.AES_StructInit), (10 bytes).
    Removing hal_aes.o(i.AES_WriteSubData), (24 bytes).
    Removing hal_aes.o(i.AES_Write_Data), (66 bytes).
    Removing hal_aes.o(i.AES_Write_KEY), (464 bytes).
    Removing hal_bkp.o(.rev16_text), (4 bytes).
    Removing hal_bkp.o(.revsh_text), (4 bytes).
    Removing hal_bkp.o(.rrx_text), (6 bytes).
    Removing hal_bkp.o(i.BKP_ClearFlag), (20 bytes).
    Removing hal_bkp.o(i.BKP_ClearITPendingBit), (20 bytes).
    Removing hal_bkp.o(i.BKP_DeInit), (16 bytes).
    Removing hal_bkp.o(i.BKP_GetFlagStatus), (12 bytes).
    Removing hal_bkp.o(i.BKP_GetITStatus), (12 bytes).
    Removing hal_bkp.o(i.BKP_ITConfig), (12 bytes).
    Removing hal_bkp.o(i.BKP_RTCOutputConfig), (28 bytes).
    Removing hal_bkp.o(i.BKP_ReadBackupRegister), (16 bytes).
    Removing hal_bkp.o(i.BKP_SetRTCCalibrationValue), (28 bytes).
    Removing hal_bkp.o(i.BKP_TamperPinCmd), (12 bytes).
    Removing hal_bkp.o(i.BKP_TamperPinLevelConfig), (12 bytes).
    Removing hal_bkp.o(i.BKP_WriteBackupRegister), (16 bytes).
    Removing hal_can.o(.rev16_text), (4 bytes).
    Removing hal_can.o(.revsh_text), (4 bytes).
    Removing hal_can.o(.rrx_text), (6 bytes).
    Removing hal_can.o(i.CAN_AutoCfg_BaudParam), (122 bytes).
    Removing hal_can.o(i.CAN_CancelTransmit), (6 bytes).
    Removing hal_can.o(i.CAN_ClearDataOverflow), (10 bytes).
    Removing hal_can.o(i.CAN_ClearITPendingBit), (8 bytes).
    Removing hal_can.o(i.CAN_DeInit), (40 bytes).
    Removing hal_can.o(i.CAN_FIFORelease), (10 bytes).
    Removing hal_can.o(i.CAN_FilterInit), (20 bytes).
    Removing hal_can.o(i.CAN_GetFlagStatus), (20 bytes).
    Removing hal_can.o(i.CAN_GetITStatus), (18 bytes).
    Removing hal_can.o(i.CAN_ITConfig), (18 bytes).
    Removing hal_can.o(i.CAN_Init), (86 bytes).
    Removing hal_can.o(i.CAN_Mode_Cmd), (8 bytes).
    Removing hal_can.o(i.CAN_Peli_FilterInit), (88 bytes).
    Removing hal_can.o(i.CAN_Peli_FilterStructInit), (20 bytes).
    Removing hal_can.o(i.CAN_Peli_GetITStatus), (24 bytes).
    Removing hal_can.o(i.CAN_Peli_GetLSBTransmitErrorCounter), (16 bytes).
    Removing hal_can.o(i.CAN_Peli_GetLastErrorCode), (16 bytes).
    Removing hal_can.o(i.CAN_Peli_GetReceiveErrorCounter), (16 bytes).
    Removing hal_can.o(i.CAN_Peli_GetRxFIFOInfo), (12 bytes).
    Removing hal_can.o(i.CAN_Peli_ITConfig), (32 bytes).
    Removing hal_can.o(i.CAN_Peli_Init), (168 bytes).
    Removing hal_can.o(i.CAN_Peli_Receive), (248 bytes).
    Removing hal_can.o(i.CAN_Peli_SleepMode_Cmd), (36 bytes).
    Removing hal_can.o(i.CAN_Peli_StructInit), (26 bytes).
    Removing hal_can.o(i.CAN_Peli_Transmit), (212 bytes).
    Removing hal_can.o(i.CAN_Peli_TransmitRepeat), (212 bytes).
    Removing hal_can.o(i.CAN_Receive), (116 bytes).
    Removing hal_can.o(i.CAN_ResetMode_Cmd), (24 bytes).
    Removing hal_can.o(i.CAN_Sleep), (26 bytes).
    Removing hal_can.o(i.CAN_StructInit), (24 bytes).
    Removing hal_can.o(i.CAN_Transmit), (70 bytes).
    Removing hal_can.o(i.CAN_WakeUp), (24 bytes).
    Removing hal_crc.o(.rev16_text), (4 bytes).
    Removing hal_crc.o(.revsh_text), (4 bytes).
    Removing hal_crc.o(.rrx_text), (6 bytes).
    Removing hal_crc.o(i.CRC_CalcBlockCRC), (36 bytes).
    Removing hal_crc.o(i.CRC_CalcCRC), (28 bytes).
    Removing hal_crc.o(i.CRC_GetCRC), (12 bytes).
    Removing hal_crc.o(i.CRC_GetIDRegister), (12 bytes).
    Removing hal_crc.o(i.CRC_ResetDR), (12 bytes).
    Removing hal_crc.o(i.CRC_SetIDRegister), (12 bytes).
    Removing hal_dac.o(.rev16_text), (4 bytes).
    Removing hal_dac.o(.revsh_text), (4 bytes).
    Removing hal_dac.o(.rrx_text), (6 bytes).
    Removing hal_dac.o(i.DAC_Cmd), (40 bytes).
    Removing hal_dac.o(i.DAC_DMACmd), (44 bytes).
    Removing hal_dac.o(i.DAC_DeInit), (22 bytes).
    Removing hal_dac.o(i.DAC_DualSoftwareTriggerCmd), (36 bytes).
    Removing hal_dac.o(i.DAC_GetDataOutputValue), (20 bytes).
    Removing hal_dac.o(i.DAC_Init), (52 bytes).
    Removing hal_dac.o(i.DAC_SetChannel1Data), (16 bytes).
    Removing hal_dac.o(i.DAC_SetChannel2Data), (16 bytes).
    Removing hal_dac.o(i.DAC_SetDualChannelData), (32 bytes).
    Removing hal_dac.o(i.DAC_SoftwareTriggerCmd), (44 bytes).
    Removing hal_dac.o(i.DAC_StructInit), (12 bytes).
    Removing hal_dac.o(i.DAC_WaveGenerationCmd), (40 bytes).
    Removing hal_dma.o(.rev16_text), (4 bytes).
    Removing hal_dma.o(.revsh_text), (4 bytes).
    Removing hal_dma.o(.rrx_text), (6 bytes).
    Removing hal_dma.o(i.DMA_ClearFlag), (12 bytes).
    Removing hal_dma.o(i.DMA_ClearITPendingBit), (12 bytes).
    Removing hal_dma.o(i.DMA_Cmd), (22 bytes).
    Removing hal_dma.o(i.DMA_DeInit), (200 bytes).
    Removing hal_dma.o(i.DMA_GetCurrDataCounter), (8 bytes).
    Removing hal_dma.o(i.DMA_GetFlagStatus), (28 bytes).
    Removing hal_dma.o(i.DMA_GetITStatus), (28 bytes).
    Removing hal_dma.o(i.DMA_ITConfig), (18 bytes).
    Removing hal_dma.o(i.DMA_Init), (60 bytes).
    Removing hal_dma.o(i.DMA_StructInit), (26 bytes).
    Removing hal_exti.o(.rev16_text), (4 bytes).
    Removing hal_exti.o(.revsh_text), (4 bytes).
    Removing hal_exti.o(.rrx_text), (6 bytes).
    Removing hal_exti.o(i.EXTI_ClearFlag), (12 bytes).
    Removing hal_exti.o(i.EXTI_ClearITPendingBit), (12 bytes).
    Removing hal_exti.o(i.EXTI_DeInit), (36 bytes).
    Removing hal_exti.o(i.EXTI_GenerateSWInterrupt), (16 bytes).
    Removing hal_exti.o(i.EXTI_GetFlagStatus), (24 bytes).
    Removing hal_exti.o(i.EXTI_GetITStatus), (40 bytes).
    Removing hal_exti.o(i.EXTI_Init), (184 bytes).
    Removing hal_exti.o(i.EXTI_StructInit), (16 bytes).
    Removing hal_flash.o(.rev16_text), (4 bytes).
    Removing hal_flash.o(.revsh_text), (4 bytes).
    Removing hal_flash.o(.rrx_text), (6 bytes).
    Removing hal_flash.o(i.FLASH_ClearFlag), (12 bytes).
    Removing hal_flash.o(i.FLASH_EnableWriteProtection), (196 bytes).
    Removing hal_flash.o(i.FLASH_EraseAllPages), (80 bytes).
    Removing hal_flash.o(i.FLASH_EraseOptionBytes), (164 bytes).
    Removing hal_flash.o(i.FLASH_ErasePage), (80 bytes).
    Removing hal_flash.o(i.FLASH_GetFlagStatus), (48 bytes).
    Removing hal_flash.o(i.FLASH_GetPrefetchBufferStatus), (24 bytes).
    Removing hal_flash.o(i.FLASH_GetReadOutProtectionStatus), (24 bytes).
    Removing hal_flash.o(i.FLASH_GetStatus), (52 bytes).
    Removing hal_flash.o(i.FLASH_GetUserOptionByte), (12 bytes).
    Removing hal_flash.o(i.FLASH_GetWriteProtectionOptionByte), (12 bytes).
    Removing hal_flash.o(i.FLASH_HalfCycleAccessCmd), (28 bytes).
    Removing hal_flash.o(i.FLASH_ITConfig), (32 bytes).
    Removing hal_flash.o(i.FLASH_Lock), (20 bytes).
    Removing hal_flash.o(i.FLASH_PrefetchBufferCmd), (28 bytes).
    Removing hal_flash.o(i.FLASH_ProgramHalfWord), (68 bytes).
    Removing hal_flash.o(i.FLASH_ProgramOptionByteData), (84 bytes).
    Removing hal_flash.o(i.FLASH_ProgramWord), (104 bytes).
    Removing hal_flash.o(i.FLASH_ReadOutProtection), (176 bytes).
    Removing hal_flash.o(i.FLASH_SetLatency), (24 bytes).
    Removing hal_flash.o(i.FLASH_Unlock), (24 bytes).
    Removing hal_flash.o(i.FLASH_UserOptionByteConfig), (108 bytes).
    Removing hal_flash.o(i.FLASH_WaitForLastOperation), (42 bytes).
    Removing hal_flash.o(i.delay), (26 bytes).
    Removing hal_gpio.o(.rev16_text), (4 bytes).
    Removing hal_gpio.o(.revsh_text), (4 bytes).
    Removing hal_gpio.o(.rrx_text), (6 bytes).
    Removing hal_gpio.o(i.GPIO_AFIODeInit), (20 bytes).
    Removing hal_gpio.o(i.GPIO_DeInit), (112 bytes).
    Removing hal_gpio.o(i.GPIO_EXTILineConfig), (64 bytes).
    Removing hal_gpio.o(i.GPIO_EventOutputCmd), (12 bytes).
    Removing hal_gpio.o(i.GPIO_EventOutputConfig), (32 bytes).
    Removing hal_gpio.o(i.GPIO_PinLockConfig), (18 bytes).
    Removing hal_gpio.o(i.GPIO_ReadInputData), (8 bytes).
    Removing hal_gpio.o(i.GPIO_ReadOutputData), (8 bytes).
    Removing hal_gpio.o(i.GPIO_ReadOutputDataBit), (18 bytes).
    Removing hal_gpio.o(i.GPIO_ResetBits), (4 bytes).
    Removing hal_gpio.o(i.GPIO_SetBits), (4 bytes).
    Removing hal_gpio.o(i.GPIO_StructInit), (16 bytes).
    Removing hal_gpio.o(i.GPIO_Write), (4 bytes).
    Removing hal_gpio.o(i.GPIO_WriteBit), (10 bytes).
    Removing hal_i2c.o(.rev16_text), (4 bytes).
    Removing hal_i2c.o(.revsh_text), (4 bytes).
    Removing hal_i2c.o(.rrx_text), (6 bytes).
    Removing hal_i2c.o(i.I2C_CheckEvent), (52 bytes).
    Removing hal_i2c.o(i.I2C_ClearFlag), (128 bytes).
    Removing hal_i2c.o(i.I2C_ClearITPendingBit), (128 bytes).
    Removing hal_i2c.o(i.I2C_Cmd), (32 bytes).
    Removing hal_i2c.o(i.I2C_DMACmd), (68 bytes).
    Removing hal_i2c.o(i.I2C_DeInit), (68 bytes).
    Removing hal_i2c.o(i.I2C_DualAddressCmd), (24 bytes).
    Removing hal_i2c.o(i.I2C_GeneralCallCmd), (24 bytes).
    Removing hal_i2c.o(i.I2C_GenerateSTART), (24 bytes).
    Removing hal_i2c.o(i.I2C_GenerateSTOP), (54 bytes).
    Removing hal_i2c.o(i.I2C_GetFlagStatus), (72 bytes).
    Removing hal_i2c.o(i.I2C_GetITStatus), (18 bytes).
    Removing hal_i2c.o(i.I2C_GetLastEvent), (20 bytes).
    Removing hal_i2c.o(i.I2C_ITConfig), (26 bytes).
    Removing hal_i2c.o(i.I2C_Init), (180 bytes).
    Removing hal_i2c.o(i.I2C_OwnAddress2Config), (18 bytes).
    Removing hal_i2c.o(i.I2C_ReadCmd), (8 bytes).
    Removing hal_i2c.o(i.I2C_ReadRegister), (6 bytes).
    Removing hal_i2c.o(i.I2C_ReceiveData), (20 bytes).
    Removing hal_i2c.o(i.I2C_Send7bitAddress), (6 bytes).
    Removing hal_i2c.o(i.I2C_SendData), (4 bytes).
    Removing hal_i2c.o(i.I2C_StructInit), (24 bytes).
    Removing hal_i2c.o(.data), (4 bytes).
    Removing hal_iwdg.o(.rev16_text), (4 bytes).
    Removing hal_iwdg.o(.revsh_text), (4 bytes).
    Removing hal_iwdg.o(.rrx_text), (6 bytes).
    Removing hal_iwdg.o(i.IWDG_Enable), (16 bytes).
    Removing hal_iwdg.o(i.IWDG_GetFlagStatus), (24 bytes).
    Removing hal_iwdg.o(i.IWDG_ReloadCounter), (16 bytes).
    Removing hal_iwdg.o(i.IWDG_SetPrescaler), (12 bytes).
    Removing hal_iwdg.o(i.IWDG_SetReload), (12 bytes).
    Removing hal_iwdg.o(i.IWDG_WriteAccessCmd), (12 bytes).
    Removing hal_misc.o(.rev16_text), (4 bytes).
    Removing hal_misc.o(.revsh_text), (4 bytes).
    Removing hal_misc.o(.rrx_text), (6 bytes).
    Removing hal_misc.o(i.NVIC_SetVectorTable), (20 bytes).
    Removing hal_misc.o(i.NVIC_SystemLPConfig), (32 bytes).
    Removing hal_pwr.o(.rev16_text), (4 bytes).
    Removing hal_pwr.o(.revsh_text), (4 bytes).
    Removing hal_pwr.o(.rrx_text), (6 bytes).
    Removing hal_pwr.o(i.PWR_BackupAccessCmd), (36 bytes).
    Removing hal_pwr.o(i.PWR_ClearFlag), (20 bytes).
    Removing hal_pwr.o(i.PWR_DeInit), (22 bytes).
    Removing hal_pwr.o(i.PWR_EnterSTANDBYMode), (52 bytes).
    Removing hal_pwr.o(i.PWR_EnterSTOPMode), (52 bytes).
    Removing hal_pwr.o(i.PWR_GetFlagStatus), (24 bytes).
    Removing hal_pwr.o(i.PWR_PVDCmd), (36 bytes).
    Removing hal_pwr.o(i.PWR_PVDLevelConfig), (24 bytes).
    Removing hal_pwr.o(i.PWR_WakeUpPinCmd), (36 bytes).
    Removing hal_rcc.o(.rev16_text), (4 bytes).
    Removing hal_rcc.o(.revsh_text), (4 bytes).
    Removing hal_rcc.o(.rrx_text), (6 bytes).
    Removing hal_rcc.o(i.RCC_ADCCLKConfig), (24 bytes).
    Removing hal_rcc.o(i.RCC_AHBPeriphClockCmd), (32 bytes).
    Removing hal_rcc.o(i.RCC_APB1PeriphResetCmd), (32 bytes).
    Removing hal_rcc.o(i.RCC_APB2PeriphResetCmd), (32 bytes).
    Removing hal_rcc.o(i.RCC_AdjustHSICalibrationValue), (24 bytes).
    Removing hal_rcc.o(i.RCC_BackupResetCmd), (12 bytes).
    Removing hal_rcc.o(i.RCC_ClearFlag), (20 bytes).
    Removing hal_rcc.o(i.RCC_ClearITPendingBit), (20 bytes).
    Removing hal_rcc.o(i.RCC_ClockSecuritySystemCmd), (12 bytes).
    Removing hal_rcc.o(i.RCC_DeInit), (76 bytes).
    Removing hal_rcc.o(i.RCC_GetFlagStatus), (60 bytes).
    Removing hal_rcc.o(i.RCC_GetITStatus), (24 bytes).
    Removing hal_rcc.o(i.RCC_GetSYSCLKSource), (16 bytes).
    Removing hal_rcc.o(i.RCC_HCLKConfig), (24 bytes).
    Removing hal_rcc.o(i.RCC_HSEConfig), (76 bytes).
    Removing hal_rcc.o(i.RCC_HSICmd), (36 bytes).
    Removing hal_rcc.o(i.RCC_ITConfig), (44 bytes).
    Removing hal_rcc.o(i.RCC_LSEConfig), (48 bytes).
    Removing hal_rcc.o(i.RCC_LSICmd), (36 bytes).
    Removing hal_rcc.o(i.RCC_MCOConfig), (12 bytes).
    Removing hal_rcc.o(i.RCC_PCLK1Config), (24 bytes).
    Removing hal_rcc.o(i.RCC_PCLK2Config), (24 bytes).
    Removing hal_rcc.o(i.RCC_PLLCmd), (36 bytes).
    Removing hal_rcc.o(i.RCC_PLLConfig), (264 bytes).
    Removing hal_rcc.o(i.RCC_PLLDMDNConfig), (36 bytes).
    Removing hal_rcc.o(i.RCC_RTCCLKCmd), (36 bytes).
    Removing hal_rcc.o(i.RCC_RTCCLKConfig), (16 bytes).
    Removing hal_rcc.o(i.RCC_SYSCLKConfig), (24 bytes).
    Removing hal_rcc.o(i.RCC_USBCLKConfig), (28 bytes).
    Removing hal_rcc.o(i.RCC_WaitForHSEStartUp), (54 bytes).
    Removing hal_rtc.o(.rev16_text), (4 bytes).
    Removing hal_rtc.o(.revsh_text), (4 bytes).
    Removing hal_rtc.o(.rrx_text), (6 bytes).
    Removing hal_rtc.o(i.RTC_ClearFlag), (16 bytes).
    Removing hal_rtc.o(i.RTC_ClearITPendingBit), (16 bytes).
    Removing hal_rtc.o(i.RTC_EnterConfigMode), (20 bytes).
    Removing hal_rtc.o(i.RTC_ExitConfigMode), (20 bytes).
    Removing hal_rtc.o(i.RTC_GetCounter), (20 bytes).
    Removing hal_rtc.o(i.RTC_GetDivider), (24 bytes).
    Removing hal_rtc.o(i.RTC_GetFlagStatus), (24 bytes).
    Removing hal_rtc.o(i.RTC_GetITStatus), (36 bytes).
    Removing hal_rtc.o(i.RTC_ITConfig), (32 bytes).
    Removing hal_rtc.o(i.RTC_SetAlarm), (28 bytes).
    Removing hal_rtc.o(i.RTC_SetCounter), (28 bytes).
    Removing hal_rtc.o(i.RTC_SetPrescaler), (32 bytes).
    Removing hal_rtc.o(i.RTC_WaitForLastTask), (20 bytes).
    Removing hal_rtc.o(i.RTC_WaitForSynchro), (36 bytes).
    Removing hal_spi.o(.rev16_text), (4 bytes).
    Removing hal_spi.o(.revsh_text), (4 bytes).
    Removing hal_spi.o(.rrx_text), (6 bytes).
    Removing hal_spi.o(i.SPI_BiDirectionalLineConfig), (58 bytes).
    Removing hal_spi.o(i.SPI_CSInternalSelected), (22 bytes).
    Removing hal_spi.o(i.SPI_ClearITPendingBit), (8 bytes).
    Removing hal_spi.o(i.SPI_Cmd), (24 bytes).
    Removing hal_spi.o(i.SPI_DMACmd), (18 bytes).
    Removing hal_spi.o(i.SPI_DataSizeConfig), (18 bytes).
    Removing hal_spi.o(i.SPI_DeInit), (68 bytes).
    Removing hal_spi.o(i.SPI_FifoTrigger), (18 bytes).
    Removing hal_spi.o(i.SPI_GetFlagStatus), (96 bytes).
    Removing hal_spi.o(i.SPI_GetITStatus), (18 bytes).
    Removing hal_spi.o(i.SPI_ITConfig), (38 bytes).
    Removing hal_spi.o(i.SPI_Init), (88 bytes).
    Removing hal_spi.o(i.SPI_NSSInternalSoftwareConfig), (30 bytes).
    Removing hal_spi.o(i.SPI_ReceiveData), (60 bytes).
    Removing hal_spi.o(i.SPI_RxBytes), (4 bytes).
    Removing hal_spi.o(i.SPI_SendData), (40 bytes).
    Removing hal_spi.o(i.SPI_SlaveAdjust), (8 bytes).
    Removing hal_spi.o(i.SPI_StructInit), (32 bytes).
    Removing hal_tim.o(.rev16_text), (4 bytes).
    Removing hal_tim.o(.revsh_text), (4 bytes).
    Removing hal_tim.o(.rrx_text), (6 bytes).
    Removing hal_tim.o(i.TI1_Config), (56 bytes).
    Removing hal_tim.o(i.TI2_Config), (80 bytes).
    Removing hal_tim.o(i.TI3_Config), (72 bytes).
    Removing hal_tim.o(i.TI4_Config), (82 bytes).
    Removing hal_tim.o(i.TIM_BDTRConfig), (32 bytes).
    Removing hal_tim.o(i.TIM_BDTRStructInit), (18 bytes).
    Removing hal_tim.o(i.TIM_CCPreloadControl), (24 bytes).
    Removing hal_tim.o(i.TIM_CCxCmd), (26 bytes).
    Removing hal_tim.o(i.TIM_CCxNCmd), (26 bytes).
    Removing hal_tim.o(i.TIM_ClearFlag), (6 bytes).
    Removing hal_tim.o(i.TIM_ClearITPendingBit), (6 bytes).
    Removing hal_tim.o(i.TIM_ClearOC1Ref), (18 bytes).
    Removing hal_tim.o(i.TIM_ClearOC2Ref), (24 bytes).
    Removing hal_tim.o(i.TIM_ClearOC3Ref), (18 bytes).
    Removing hal_tim.o(i.TIM_ClearOC4Ref), (24 bytes).
    Removing hal_tim.o(i.TIM_CounterModeConfig), (18 bytes).
    Removing hal_tim.o(i.TIM_DMACmd), (18 bytes).
    Removing hal_tim.o(i.TIM_DMAConfig), (10 bytes).
    Removing hal_tim.o(i.TIM_DeInit), (112 bytes).
    Removing hal_tim.o(i.TIM_ETRClockMode1Config), (54 bytes).
    Removing hal_tim.o(i.TIM_ETRClockMode2Config), (32 bytes).
    Removing hal_tim.o(i.TIM_ETRConfig), (30 bytes).
    Removing hal_tim.o(i.TIM_EncoderInterfaceConfig), (66 bytes).
    Removing hal_tim.o(i.TIM_ForcedOC1Config), (18 bytes).
    Removing hal_tim.o(i.TIM_ForcedOC2Config), (26 bytes).
    Removing hal_tim.o(i.TIM_ForcedOC3Config), (18 bytes).
    Removing hal_tim.o(i.TIM_ForcedOC4Config), (26 bytes).
    Removing hal_tim.o(i.TIM_GenerateEvent), (4 bytes).
    Removing hal_tim.o(i.TIM_GetCapture1), (6 bytes).
    Removing hal_tim.o(i.TIM_GetCapture2), (6 bytes).
    Removing hal_tim.o(i.TIM_GetCapture3), (6 bytes).
    Removing hal_tim.o(i.TIM_GetCapture4), (8 bytes).
    Removing hal_tim.o(i.TIM_GetCounter), (6 bytes).
    Removing hal_tim.o(i.TIM_GetFlagStatus), (18 bytes).
    Removing hal_tim.o(i.TIM_GetITStatus), (34 bytes).
    Removing hal_tim.o(i.TIM_GetPrescaler), (6 bytes).
    Removing hal_tim.o(i.TIM_ICInit), (110 bytes).
    Removing hal_tim.o(i.TIM_ICStructInit), (18 bytes).
    Removing hal_tim.o(i.TIM_ITConfig), (26 bytes).
    Removing hal_tim.o(i.TIM_ITRxExternalClockConfig), (24 bytes).
    Removing hal_tim.o(i.TIM_InternalClockConfig), (12 bytes).
    Removing hal_tim.o(i.TIM_OC1FastConfig), (18 bytes).
    Removing hal_tim.o(i.TIM_OC1NPolarityConfig), (18 bytes).
    Removing hal_tim.o(i.TIM_OC1PolarityConfig), (18 bytes).
    Removing hal_tim.o(i.TIM_OC2FastConfig), (26 bytes).
    Removing hal_tim.o(i.TIM_OC2Init), (144 bytes).
    Removing hal_tim.o(i.TIM_OC2NPolarityConfig), (26 bytes).
    Removing hal_tim.o(i.TIM_OC2PolarityConfig), (26 bytes).
    Removing hal_tim.o(i.TIM_OC2PreloadConfig), (26 bytes).
    Removing hal_tim.o(i.TIM_OC3FastConfig), (18 bytes).
    Removing hal_tim.o(i.TIM_OC3Init), (140 bytes).
    Removing hal_tim.o(i.TIM_OC3NPolarityConfig), (26 bytes).
    Removing hal_tim.o(i.TIM_OC3PolarityConfig), (26 bytes).
    Removing hal_tim.o(i.TIM_OC3PreloadConfig), (18 bytes).
    Removing hal_tim.o(i.TIM_OC4FastConfig), (26 bytes).
    Removing hal_tim.o(i.TIM_OC4Init), (100 bytes).
    Removing hal_tim.o(i.TIM_OC4PolarityConfig), (26 bytes).
    Removing hal_tim.o(i.TIM_OC4PreloadConfig), (26 bytes).
    Removing hal_tim.o(i.TIM_OCStructInit), (20 bytes).
    Removing hal_tim.o(i.TIM_PWMIConfig), (124 bytes).
    Removing hal_tim.o(i.TIM_PrescalerConfig), (6 bytes).
    Removing hal_tim.o(i.TIM_SelectCCDMA), (24 bytes).
    Removing hal_tim.o(i.TIM_SelectCOM), (24 bytes).
    Removing hal_tim.o(i.TIM_SelectHallSensor), (24 bytes).
    Removing hal_tim.o(i.TIM_SelectInputTrigger), (18 bytes).
    Removing hal_tim.o(i.TIM_SelectMasterSlaveMode), (18 bytes).
    Removing hal_tim.o(i.TIM_SelectOCxM), (134 bytes).
    Removing hal_tim.o(i.TIM_SelectOnePulseMode), (18 bytes).
    Removing hal_tim.o(i.TIM_SelectOutputTrigger), (18 bytes).
    Removing hal_tim.o(i.TIM_SelectSlaveMode), (18 bytes).
    Removing hal_tim.o(i.TIM_SetAutoreload), (4 bytes).
    Removing hal_tim.o(i.TIM_SetClockDivision), (14 bytes).
    Removing hal_tim.o(i.TIM_SetCompare2), (4 bytes).
    Removing hal_tim.o(i.TIM_SetCompare3), (4 bytes).
    Removing hal_tim.o(i.TIM_SetCompare4), (6 bytes).
    Removing hal_tim.o(i.TIM_SetCounter), (4 bytes).
    Removing hal_tim.o(i.TIM_SetIC1Prescaler), (18 bytes).
    Removing hal_tim.o(i.TIM_SetIC2Prescaler), (26 bytes).
    Removing hal_tim.o(i.TIM_SetIC3Prescaler), (18 bytes).
    Removing hal_tim.o(i.TIM_SetIC4Prescaler), (26 bytes).
    Removing hal_tim.o(i.TIM_TIxExternalClockConfig), (62 bytes).
    Removing hal_tim.o(i.TIM_TimeBaseStructInit), (18 bytes).
    Removing hal_tim.o(i.TIM_UpdateDisableConfig), (24 bytes).
    Removing hal_tim.o(i.TIM_UpdateRequestConfig), (24 bytes).
    Removing hal_uart.o(.rev16_text), (4 bytes).
    Removing hal_uart.o(.revsh_text), (4 bytes).
    Removing hal_uart.o(.rrx_text), (6 bytes).
    Removing hal_uart.o(i.UART_ClearFlag), (2 bytes).
    Removing hal_uart.o(i.UART_DMACmd), (18 bytes).
    Removing hal_uart.o(i.UART_DeInit), (92 bytes).
    Removing hal_uart.o(i.UART_SendData), (6 bytes).
    Removing hal_uart.o(i.UART_StructInit), (26 bytes).
    Removing hal_wwdg.o(.rev16_text), (4 bytes).
    Removing hal_wwdg.o(.revsh_text), (4 bytes).
    Removing hal_wwdg.o(.rrx_text), (6 bytes).
    Removing hal_wwdg.o(i.WWDG_ClearFlag), (12 bytes).
    Removing hal_wwdg.o(i.WWDG_DeInit), (22 bytes).
    Removing hal_wwdg.o(i.WWDG_Enable), (16 bytes).
    Removing hal_wwdg.o(i.WWDG_EnableIT), (20 bytes).
    Removing hal_wwdg.o(i.WWDG_GetFlagStatus), (12 bytes).
    Removing hal_wwdg.o(i.WWDG_SetCounter), (16 bytes).
    Removing hal_wwdg.o(i.WWDG_SetPrescaler), (24 bytes).
    Removing hal_wwdg.o(i.WWDG_SetWindowValue), (28 bytes).
    Removing main.o(.rev16_text), (4 bytes).
    Removing main.o(.revsh_text), (4 bytes).
    Removing main.o(.rrx_text), (6 bytes).
    Removing adc.o(.rev16_text), (4 bytes).
    Removing adc.o(.revsh_text), (4 bytes).
    Removing adc.o(.rrx_text), (6 bytes).
    Removing delay.o(.rev16_text), (4 bytes).
    Removing delay.o(.revsh_text), (4 bytes).
    Removing delay.o(.rrx_text), (6 bytes).
    Removing delay.o(i.delay_us), (76 bytes).
    Removing softwarei2c.o(.rev16_text), (4 bytes).
    Removing softwarei2c.o(.revsh_text), (4 bytes).
    Removing softwarei2c.o(.rrx_text), (6 bytes).
    Removing softwarei2c.o(i.I2C_SDA_SetInput), (28 bytes).
    Removing softwarei2c.o(i.I2C_SDA_SetOutput), (36 bytes).
    Removing spi.o(.rev16_text), (4 bytes).
    Removing spi.o(.revsh_text), (4 bytes).
    Removing spi.o(.rrx_text), (6 bytes).
    Removing spi.o(i.SPI_Delay), (16 bytes).
    Removing spi.o(i.SPI_GPIO_Configuration), (112 bytes).
    Removing spi.o(i.SPI_Initializes), (28 bytes).
    Removing spi.o(i.SPI_ReadByte), (72 bytes).
    Removing spi.o(i.SPI_WriteByte), (84 bytes).
    Removing sys.o(.rev16_text), (4 bytes).
    Removing sys.o(.revsh_text), (4 bytes).
    Removing sys.o(.rrx_text), (6 bytes).
    Removing sys.o(i.INTX_DISABLE), (4 bytes).
    Removing sys.o(i.INTX_ENABLE), (4 bytes).
    Removing sys.o(i.WFI_SET), (4 bytes).
    Removing tim.o(.rev16_text), (4 bytes).
    Removing tim.o(.revsh_text), (4 bytes).
    Removing tim.o(.rrx_text), (6 bytes).
    Removing uart.o(.rev16_text), (4 bytes).
    Removing uart.o(.revsh_text), (4 bytes).
    Removing uart.o(.rrx_text), (6 bytes).
    Removing beep.o(.rev16_text), (4 bytes).
    Removing beep.o(.revsh_text), (4 bytes).
    Removing beep.o(.rrx_text), (6 bytes).
    Removing eeprom.o(.rev16_text), (4 bytes).
    Removing eeprom.o(.revsh_text), (4 bytes).
    Removing eeprom.o(.rrx_text), (6 bytes).
    Removing eeprom.o(i.ee_Erase), (96 bytes).
    Removing sflash.o(.rev16_text), (4 bytes).
    Removing sflash.o(.revsh_text), (4 bytes).
    Removing sflash.o(.rrx_text), (6 bytes).
    Removing sflash.o(i.SFLASH_EraseBlock), (72 bytes).
    Removing sflash.o(i.SFLASH_EraseChip), (44 bytes).
    Removing sflash.o(i.SFLASH_EraseSector), (72 bytes).
    Removing sflash.o(i.SFLASH_FastReadNByte), (88 bytes).
    Removing sflash.o(i.SFLASH_PowerDown), (32 bytes).
    Removing sflash.o(i.SFLASH_ReadID), (68 bytes).
    Removing sflash.o(i.SFLASH_ReadJEDEC_ID), (60 bytes).
    Removing sflash.o(i.SFLASH_ReadNByte), (80 bytes).
    Removing sflash.o(i.SFLASH_ReadSR), (40 bytes).
    Removing sflash.o(i.SFLASH_WAKEUP), (32 bytes).
    Removing sflash.o(i.SFLASH_WaitForNoBusy), (18 bytes).
    Removing sflash.o(i.SFLASH_WriteDisable), (32 bytes).
    Removing sflash.o(i.SFLASH_WriteEnable), (32 bytes).
    Removing sflash.o(i.SFLASH_WriteNByte), (184 bytes).
    Removing sflash.o(i.SFLASH_WriteNoCheck), (70 bytes).
    Removing sflash.o(i.SFLASH_WritePage), (88 bytes).
    Removing sflash.o(i.SFLASH_WriteSR), (36 bytes).
    Removing sflash.o(.bss), (4096 bytes).
    Removing key.o(.rev16_text), (4 bytes).
    Removing key.o(.revsh_text), (4 bytes).
    Removing key.o(.rrx_text), (6 bytes).
    Removing led.o(.rev16_text), (4 bytes).
    Removing led.o(.revsh_text), (4 bytes).
    Removing led.o(.rrx_text), (6 bytes).

499 unused section(s) (total 25460 bytes) removed from the image.

==============================================================================

Image Symbol Table

    Local Symbols

    Symbol Name                              Value     Ov Type        Size  Object(Section)

    ../clib/microlib/division.c              0x00000000   Number         0  uidiv.o ABSOLUTE
    ../clib/microlib/division.c              0x00000000   Number         0  uldiv.o ABSOLUTE
    ../clib/microlib/init/entry.s            0x00000000   Number         0  entry2.o ABSOLUTE
    ../clib/microlib/init/entry.s            0x00000000   Number         0  entry8b.o ABSOLUTE
    ../clib/microlib/init/entry.s            0x00000000   Number         0  entry8a.o ABSOLUTE
    ../clib/microlib/init/entry.s            0x00000000   Number         0  entry7b.o ABSOLUTE
    ../clib/microlib/init/entry.s            0x00000000   Number         0  entry9b.o ABSOLUTE
    ../clib/microlib/init/entry.s            0x00000000   Number         0  entry10a.o ABSOLUTE
    ../clib/microlib/init/entry.s            0x00000000   Number         0  entry10b.o ABSOLUTE
    ../clib/microlib/init/entry.s            0x00000000   Number         0  entry11a.o ABSOLUTE
    ../clib/microlib/init/entry.s            0x00000000   Number         0  entry7a.o ABSOLUTE
    ../clib/microlib/init/entry.s            0x00000000   Number         0  entry5.o ABSOLUTE
    ../clib/microlib/init/entry.s            0x00000000   Number         0  entry11b.o ABSOLUTE
    ../clib/microlib/init/entry.s            0x00000000   Number         0  entry.o ABSOLUTE
    ../clib/microlib/init/entry.s            0x00000000   Number         0  entry9a.o ABSOLUTE
    ../clib/microlib/longlong.c              0x00000000   Number         0  llshl.o ABSOLUTE
    ../clib/microlib/longlong.c              0x00000000   Number         0  llsshr.o ABSOLUTE
    ../clib/microlib/longlong.c              0x00000000   Number         0  llushr.o ABSOLUTE
    ../clib/microlib/printf/printf.c         0x00000000   Number         0  printfb.o ABSOLUTE
    ../clib/microlib/printf/printf.c         0x00000000   Number         0  printf2.o ABSOLUTE
    ../clib/microlib/printf/printf.c         0x00000000   Number         0  printf5.o ABSOLUTE
    ../clib/microlib/printf/printf.c         0x00000000   Number         0  printfa.o ABSOLUTE
    ../clib/microlib/printf/printf.c         0x00000000   Number         0  printf7.o ABSOLUTE
    ../clib/microlib/printf/printf.c         0x00000000   Number         0  printf8.o ABSOLUTE
    ../clib/microlib/printf/printf.c         0x00000000   Number         0  printf6.o ABSOLUTE
    ../clib/microlib/printf/printf.c         0x00000000   Number         0  printf4.o ABSOLUTE
    ../clib/microlib/printf/printf.c         0x00000000   Number         0  printf3.o ABSOLUTE
    ../clib/microlib/printf/printf.c         0x00000000   Number         0  printf1.o ABSOLUTE
    ../clib/microlib/printf/printf.c         0x00000000   Number         0  printf0.o ABSOLUTE
    ../clib/microlib/printf/stubs.s          0x00000000   Number         0  stubs.o ABSOLUTE
    ../clib/microlib/stdio/streams.c         0x00000000   Number         0  stdout.o ABSOLUTE
    ../clib/microlib/string/strlen.c         0x00000000   Number         0  strlen.o ABSOLUTE
    ../clib/microlib/string/strncmp.c        0x00000000   Number         0  strncmp.o ABSOLUTE
    ../clib/microlib/stubs.s                 0x00000000   Number         0  iusefp.o ABSOLUTE
    ../fplib/microlib/d2f.c                  0x00000000   Number         0  d2f.o ABSOLUTE
    ../fplib/microlib/f2d.c                  0x00000000   Number         0  f2d.o ABSOLUTE
    ../fplib/microlib/fpadd.c                0x00000000   Number         0  dadd.o ABSOLUTE
    ../fplib/microlib/fpdiv.c                0x00000000   Number         0  fdiv.o ABSOLUTE
    ../fplib/microlib/fpdiv.c                0x00000000   Number         0  ddiv.o ABSOLUTE
    ../fplib/microlib/fpepilogue.c           0x00000000   Number         0  depilogue.o ABSOLUTE
    ../fplib/microlib/fpepilogue.c           0x00000000   Number         0  fepilogue.o ABSOLUTE
    ../fplib/microlib/fpfix.c                0x00000000   Number         0  dfixul.o ABSOLUTE
    ../fplib/microlib/fpflt.c                0x00000000   Number         0  ffltui.o ABSOLUTE
    ../fplib/microlib/fpmul.c                0x00000000   Number         0  dmul.o ABSOLUTE
    ..\APP\main.c                            0x00000000   Number         0  main.o ABSOLUTE
    ..\BSP\SPI\spi.c                         0x00000000   Number         0  spi.o ABSOLUTE
    ..\BSP\adc\adc.c                         0x00000000   Number         0  adc.o ABSOLUTE
    ..\BSP\delay\delay.c                     0x00000000   Number         0  delay.o ABSOLUTE
    ..\BSP\softwareI2C\softwarei2c.c         0x00000000   Number         0  softwarei2c.o ABSOLUTE
    ..\BSP\sys\sys.c                         0x00000000   Number         0  sys.o ABSOLUTE
    ..\BSP\tim\tim.c                         0x00000000   Number         0  tim.o ABSOLUTE
    ..\BSP\uart\uart.c                       0x00000000   Number         0  uart.o ABSOLUTE
    ..\Hardware\BUZZER\beep.c                0x00000000   Number         0  beep.o ABSOLUTE
    ..\Hardware\EEPROM\eeprom.c              0x00000000   Number         0  eeprom.o ABSOLUTE
    ..\Hardware\FLASH\sflash.c               0x00000000   Number         0  sflash.o ABSOLUTE
    ..\Hardware\KEY\key.c                    0x00000000   Number         0  key.o ABSOLUTE
    ..\Hardware\LED\led.c                    0x00000000   Number         0  led.o ABSOLUTE
    ..\Libraries\MM32L3xx\HAL_lib\src\HAL_adc.c 0x00000000   Number         0  hal_adc.o ABSOLUTE
    ..\Libraries\MM32L3xx\HAL_lib\src\HAL_aes.c 0x00000000   Number         0  hal_aes.o ABSOLUTE
    ..\Libraries\MM32L3xx\HAL_lib\src\HAL_bkp.c 0x00000000   Number         0  hal_bkp.o ABSOLUTE
    ..\Libraries\MM32L3xx\HAL_lib\src\HAL_can.c 0x00000000   Number         0  hal_can.o ABSOLUTE
    ..\Libraries\MM32L3xx\HAL_lib\src\HAL_crc.c 0x00000000   Number         0  hal_crc.o ABSOLUTE
    ..\Libraries\MM32L3xx\HAL_lib\src\HAL_dac.c 0x00000000   Number         0  hal_dac.o ABSOLUTE
    ..\Libraries\MM32L3xx\HAL_lib\src\HAL_dma.c 0x00000000   Number         0  hal_dma.o ABSOLUTE
    ..\Libraries\MM32L3xx\HAL_lib\src\HAL_exti.c 0x00000000   Number         0  hal_exti.o ABSOLUTE
    ..\Libraries\MM32L3xx\HAL_lib\src\HAL_flash.c 0x00000000   Number         0  hal_flash.o ABSOLUTE
    ..\Libraries\MM32L3xx\HAL_lib\src\HAL_gpio.c 0x00000000   Number         0  hal_gpio.o ABSOLUTE
    ..\Libraries\MM32L3xx\HAL_lib\src\HAL_i2c.c 0x00000000   Number         0  hal_i2c.o ABSOLUTE
    ..\Libraries\MM32L3xx\HAL_lib\src\HAL_iwdg.c 0x00000000   Number         0  hal_iwdg.o ABSOLUTE
    ..\Libraries\MM32L3xx\HAL_lib\src\HAL_misc.c 0x00000000   Number         0  hal_misc.o ABSOLUTE
    ..\Libraries\MM32L3xx\HAL_lib\src\HAL_pwr.c 0x00000000   Number         0  hal_pwr.o ABSOLUTE
    ..\Libraries\MM32L3xx\HAL_lib\src\HAL_rcc.c 0x00000000   Number         0  hal_rcc.o ABSOLUTE
    ..\Libraries\MM32L3xx\HAL_lib\src\HAL_rtc.c 0x00000000   Number         0  hal_rtc.o ABSOLUTE
    ..\Libraries\MM32L3xx\HAL_lib\src\HAL_spi.c 0x00000000   Number         0  hal_spi.o ABSOLUTE
    ..\Libraries\MM32L3xx\HAL_lib\src\HAL_tim.c 0x00000000   Number         0  hal_tim.o ABSOLUTE
    ..\Libraries\MM32L3xx\HAL_lib\src\HAL_uart.c 0x00000000   Number         0  hal_uart.o ABSOLUTE
    ..\Libraries\MM32L3xx\HAL_lib\src\HAL_wwdg.c 0x00000000   Number         0  hal_wwdg.o ABSOLUTE
    ..\Libraries\MM32L3xx\Source\KEIL_StartAsm\startup_MM32L3xx.s 0x00000000   Number         0  startup_mm32l3xx.o ABSOLUTE
    ..\Libraries\MM32L3xx\Source\system_MM32L3xx.c 0x00000000   Number         0  system_mm32l3xx.o ABSOLUTE
    ..\\APP\\main.c                          0x00000000   Number         0  main.o ABSOLUTE
    ..\\BSP\\SPI\\spi.c                      0x00000000   Number         0  spi.o ABSOLUTE
    ..\\BSP\\adc\\adc.c                      0x00000000   Number         0  adc.o ABSOLUTE
    ..\\BSP\\delay\\delay.c                  0x00000000   Number         0  delay.o ABSOLUTE
    ..\\BSP\\softwareI2C\\softwarei2c.c      0x00000000   Number         0  softwarei2c.o ABSOLUTE
    ..\\BSP\\sys\\sys.c                      0x00000000   Number         0  sys.o ABSOLUTE
    ..\\BSP\\tim\\tim.c                      0x00000000   Number         0  tim.o ABSOLUTE
    ..\\BSP\\uart\\uart.c                    0x00000000   Number         0  uart.o ABSOLUTE
    ..\\Hardware\\BUZZER\\beep.c             0x00000000   Number         0  beep.o ABSOLUTE
    ..\\Hardware\\EEPROM\\eeprom.c           0x00000000   Number         0  eeprom.o ABSOLUTE
    ..\\Hardware\\FLASH\\sflash.c            0x00000000   Number         0  sflash.o ABSOLUTE
    ..\\Hardware\\KEY\\key.c                 0x00000000   Number         0  key.o ABSOLUTE
    ..\\Hardware\\LED\\led.c                 0x00000000   Number         0  led.o ABSOLUTE
    ..\\Libraries\\MM32L3xx\\HAL_lib\\src\\HAL_adc.c 0x00000000   Number         0  hal_adc.o ABSOLUTE
    ..\\Libraries\\MM32L3xx\\HAL_lib\\src\\HAL_aes.c 0x00000000   Number         0  hal_aes.o ABSOLUTE
    ..\\Libraries\\MM32L3xx\\HAL_lib\\src\\HAL_bkp.c 0x00000000   Number         0  hal_bkp.o ABSOLUTE
    ..\\Libraries\\MM32L3xx\\HAL_lib\\src\\HAL_can.c 0x00000000   Number         0  hal_can.o ABSOLUTE
    ..\\Libraries\\MM32L3xx\\HAL_lib\\src\\HAL_crc.c 0x00000000   Number         0  hal_crc.o ABSOLUTE
    ..\\Libraries\\MM32L3xx\\HAL_lib\\src\\HAL_dac.c 0x00000000   Number         0  hal_dac.o ABSOLUTE
    ..\\Libraries\\MM32L3xx\\HAL_lib\\src\\HAL_dma.c 0x00000000   Number         0  hal_dma.o ABSOLUTE
    ..\\Libraries\\MM32L3xx\\HAL_lib\\src\\HAL_exti.c 0x00000000   Number         0  hal_exti.o ABSOLUTE
    ..\\Libraries\\MM32L3xx\\HAL_lib\\src\\HAL_flash.c 0x00000000   Number         0  hal_flash.o ABSOLUTE
    ..\\Libraries\\MM32L3xx\\HAL_lib\\src\\HAL_gpio.c 0x00000000   Number         0  hal_gpio.o ABSOLUTE
    ..\\Libraries\\MM32L3xx\\HAL_lib\\src\\HAL_i2c.c 0x00000000   Number         0  hal_i2c.o ABSOLUTE
    ..\\Libraries\\MM32L3xx\\HAL_lib\\src\\HAL_iwdg.c 0x00000000   Number         0  hal_iwdg.o ABSOLUTE
    ..\\Libraries\\MM32L3xx\\HAL_lib\\src\\HAL_misc.c 0x00000000   Number         0  hal_misc.o ABSOLUTE
    ..\\Libraries\\MM32L3xx\\HAL_lib\\src\\HAL_pwr.c 0x00000000   Number         0  hal_pwr.o ABSOLUTE
    ..\\Libraries\\MM32L3xx\\HAL_lib\\src\\HAL_rcc.c 0x00000000   Number         0  hal_rcc.o ABSOLUTE
    ..\\Libraries\\MM32L3xx\\HAL_lib\\src\\HAL_rtc.c 0x00000000   Number         0  hal_rtc.o ABSOLUTE
    ..\\Libraries\\MM32L3xx\\HAL_lib\\src\\HAL_spi.c 0x00000000   Number         0  hal_spi.o ABSOLUTE
    ..\\Libraries\\MM32L3xx\\HAL_lib\\src\\HAL_tim.c 0x00000000   Number         0  hal_tim.o ABSOLUTE
    ..\\Libraries\\MM32L3xx\\HAL_lib\\src\\HAL_uart.c 0x00000000   Number         0  hal_uart.o ABSOLUTE
    ..\\Libraries\\MM32L3xx\\HAL_lib\\src\\HAL_wwdg.c 0x00000000   Number         0  hal_wwdg.o ABSOLUTE
    ..\\Libraries\\MM32L3xx\\Source\\system_MM32L3xx.c 0x00000000   Number         0  system_mm32l3xx.o ABSOLUTE
    cdrcmple.s                               0x00000000   Number         0  cdrcmple.o ABSOLUTE
    dc.s                                     0x00000000   Number         0  dc.o ABSOLUTE
    handlers.s                               0x00000000   Number         0  handlers.o ABSOLUTE
    init.s                                   0x00000000   Number         0  init.o ABSOLUTE
    RESET                                    0x08000000   Section      248  startup_mm32l3xx.o(RESET)
    .ARM.Collect$$$$00000000                 0x080000f8   Section        0  entry.o(.ARM.Collect$$$$00000000)
    .ARM.Collect$$$$00000001                 0x080000f8   Section        4  entry2.o(.ARM.Collect$$$$00000001)
    .ARM.Collect$$$$00000004                 0x080000fc   Section        4  entry5.o(.ARM.Collect$$$$00000004)
    .ARM.Collect$$$$00000008                 0x08000100   Section        0  entry7b.o(.ARM.Collect$$$$00000008)
    .ARM.Collect$$$$0000000A                 0x08000100   Section        0  entry8b.o(.ARM.Collect$$$$0000000A)
    .ARM.Collect$$$$0000000B                 0x08000100   Section        8  entry9a.o(.ARM.Collect$$$$0000000B)
    .ARM.Collect$$$$0000000D                 0x08000108   Section        0  entry10a.o(.ARM.Collect$$$$0000000D)
    .ARM.Collect$$$$0000000F                 0x08000108   Section        0  entry11a.o(.ARM.Collect$$$$0000000F)
    .ARM.Collect$$$$00002712                 0x08000108   Section        4  entry2.o(.ARM.Collect$$$$00002712)
    __lit__00000000                          0x08000108   Data           4  entry2.o(.ARM.Collect$$$$00002712)
    .text                                    0x0800010c   Section       36  startup_mm32l3xx.o(.text)
    .text                                    0x08000130   Section        0  strlen.o(.text)
    .text                                    0x0800013e   Section        0  strncmp.o(.text)
    .text                                    0x0800015c   Section        0  fdiv.o(.text)
    .text                                    0x080001d8   Section        0  dmul.o(.text)
    .text                                    0x080002bc   Section        0  ffltui.o(.text)
    .text                                    0x080002c6   Section        0  f2d.o(.text)
    .text                                    0x080002ec   Section        0  d2f.o(.text)
    .text                                    0x08000324   Section        0  uidiv.o(.text)
    .text                                    0x08000350   Section        0  uldiv.o(.text)
    .text                                    0x080003b2   Section        0  iusefp.o(.text)
    .text                                    0x080003b2   Section        0  fepilogue.o(.text)
    .text                                    0x08000420   Section        0  depilogue.o(.text)
    .text                                    0x080004da   Section        0  dadd.o(.text)
    .text                                    0x08000628   Section        0  ddiv.o(.text)
    .text                                    0x08000706   Section        0  dfixul.o(.text)
    .text                                    0x08000738   Section       48  cdrcmple.o(.text)
    .text                                    0x08000768   Section       36  init.o(.text)
    .text                                    0x0800078c   Section        0  llshl.o(.text)
    .text                                    0x080007aa   Section        0  llushr.o(.text)
    .text                                    0x080007ca   Section        0  llsshr.o(.text)
    i.ADC1_Init                              0x080007f0   Section        0  adc.o(i.ADC1_Init)
    i.ADC1_SingleChannel_Get                 0x08000858   Section        0  adc.o(i.ADC1_SingleChannel_Get)
    i.ADC_ClearFlag                          0x0800088c   Section        0  hal_adc.o(i.ADC_ClearFlag)
    i.ADC_Cmd                                0x08000894   Section        0  hal_adc.o(i.ADC_Cmd)
    i.ADC_Init                               0x080008aa   Section        0  hal_adc.o(i.ADC_Init)
    i.ADC_RegularChannelConfig               0x080008d8   Section        0  hal_adc.o(i.ADC_RegularChannelConfig)
    i.ADC_SoftwareStartConvCmd               0x0800097a   Section        0  hal_adc.o(i.ADC_SoftwareStartConvCmd)
    i.Beep_Off                               0x08000990   Section        0  beep.o(i.Beep_Off)
    i.Beep_On                                0x080009a0   Section        0  beep.o(i.Beep_On)
    i.Beep_init                              0x080009b0   Section        0  beep.o(i.Beep_init)
    i.GPIO_Configuration                     0x080009b8   Section        0  adc.o(i.GPIO_Configuration)
    i.GPIO_Init                              0x080009e4   Section        0  hal_gpio.o(i.GPIO_Init)
    i.GPIO_PinRemapConfig                    0x08000afc   Section        0  hal_gpio.o(i.GPIO_PinRemapConfig)
    i.GPIO_ReadInputDataBit                  0x08000b60   Section        0  hal_gpio.o(i.GPIO_ReadInputDataBit)
    i.Get_AdcValue                           0x08000b74   Section        0  adc.o(i.Get_AdcValue)
    i.Get_Adc_Average                        0x08000bdc   Section        0  adc.o(i.Get_Adc_Average)
    i.I2C_Delay                              0x08000c10   Section        0  softwarei2c.o(i.I2C_Delay)
    I2C_Delay                                0x08000c11   Thumb Code    14  softwarei2c.o(i.I2C_Delay)
    i.I2C_GPIO_Configuration                 0x08000c20   Section        0  softwarei2c.o(i.I2C_GPIO_Configuration)
    i.I2C_GetAck                             0x08000c4c   Section        0  softwarei2c.o(i.I2C_GetAck)
    i.I2C_Initializes                        0x08000c88   Section        0  softwarei2c.o(i.I2C_Initializes)
    i.I2C_PutAck                             0x08000ca0   Section        0  softwarei2c.o(i.I2C_PutAck)
    i.I2C_ReadByte                           0x08000cf8   Section        0  softwarei2c.o(i.I2C_ReadByte)
    i.I2C_Start                              0x08000d3c   Section        0  softwarei2c.o(i.I2C_Start)
    i.I2C_Stop                               0x08000d6c   Section        0  softwarei2c.o(i.I2C_Stop)
    i.I2C_WriteByte                          0x08000d90   Section        0  softwarei2c.o(i.I2C_WriteByte)
    i.KEY_Init                               0x08000de4   Section        0  key.o(i.KEY_Init)
    i.KEY_Scan                               0x08000e20   Section        0  key.o(i.KEY_Scan)
    i.LED_Init                               0x08000eec   Section        0  led.o(i.LED_Init)
    i.Led_Key_Test                           0x08000f70   Section        0  main.o(i.Led_Key_Test)
    i.NVIC_Init                              0x08000ff0   Section        0  hal_misc.o(i.NVIC_Init)
    i.NVIC_PriorityGroupConfig               0x08001070   Section        0  hal_misc.o(i.NVIC_PriorityGroupConfig)
    i.RCC_APB1PeriphClockCmd                 0x08001084   Section        0  hal_rcc.o(i.RCC_APB1PeriphClockCmd)
    i.RCC_APB2PeriphClockCmd                 0x080010a4   Section        0  hal_rcc.o(i.RCC_APB2PeriphClockCmd)
    i.RCC_GetClocksFreq                      0x080010c4   Section        0  hal_rcc.o(i.RCC_GetClocksFreq)
    i.SetSysClock                            0x080011b0   Section        0  system_mm32l3xx.o(i.SetSysClock)
    SetSysClock                              0x080011b1   Thumb Code     8  system_mm32l3xx.o(i.SetSysClock)
    i.SetSysClockTo96_HSI                    0x080011b8   Section        0  system_mm32l3xx.o(i.SetSysClockTo96_HSI)
    SetSysClockTo96_HSI                      0x080011b9   Thumb Code   150  system_mm32l3xx.o(i.SetSysClockTo96_HSI)
    i.SysTick_CLKSourceConfig                0x08001258   Section        0  hal_misc.o(i.SysTick_CLKSourceConfig)
    i.SystemInit                             0x08001280   Section        0  system_mm32l3xx.o(i.SystemInit)
    i.TIM1_PWM_Init                          0x080012e8   Section        0  tim.o(i.TIM1_PWM_Init)
    i.TIM_ARRPreloadConfig                   0x08001394   Section        0  hal_tim.o(i.TIM_ARRPreloadConfig)
    i.TIM_Cmd                                0x080013ac   Section        0  hal_tim.o(i.TIM_Cmd)
    i.TIM_CtrlPWMOutputs                     0x080013c4   Section        0  hal_tim.o(i.TIM_CtrlPWMOutputs)
    i.TIM_OC1Init                            0x080013e4   Section        0  hal_tim.o(i.TIM_OC1Init)
    i.TIM_OC1PreloadConfig                   0x0800144c   Section        0  hal_tim.o(i.TIM_OC1PreloadConfig)
    i.TIM_SetCompare1                        0x0800145e   Section        0  hal_tim.o(i.TIM_SetCompare1)
    i.TIM_TimeBaseInit                       0x08001464   Section        0  hal_tim.o(i.TIM_TimeBaseInit)
    i.UART2_IRQHandler                       0x08001494   Section        0  main.o(i.UART2_IRQHandler)
    i.UART_ClearITPendingBit                 0x08001530   Section        0  hal_uart.o(i.UART_ClearITPendingBit)
    i.UART_Cmd                               0x08001534   Section        0  hal_uart.o(i.UART_Cmd)
    i.UART_GetFlagStatus                     0x0800154c   Section        0  hal_uart.o(i.UART_GetFlagStatus)
    i.UART_GetITStatus                       0x0800155e   Section        0  hal_uart.o(i.UART_GetITStatus)
    i.UART_ITConfig                          0x08001570   Section        0  hal_uart.o(i.UART_ITConfig)
    i.UART_Init                              0x08001584   Section        0  hal_uart.o(i.UART_Init)
    i.UART_ReceiveData                       0x080015f4   Section        0  hal_uart.o(i.UART_ReceiveData)
    i.__0printf                              0x080015fc   Section        0  printfa.o(i.__0printf)
    i.__scatterload_copy                     0x0800161c   Section       14  handlers.o(i.__scatterload_copy)
    i.__scatterload_null                     0x0800162a   Section        2  handlers.o(i.__scatterload_null)
    i.__scatterload_zeroinit                 0x0800162c   Section       14  handlers.o(i.__scatterload_zeroinit)
    i._fp_digits                             0x0800163c   Section        0  printfa.o(i._fp_digits)
    _fp_digits                               0x0800163d   Thumb Code   366  printfa.o(i._fp_digits)
    i._printf_core                           0x080017c0   Section        0  printfa.o(i._printf_core)
    _printf_core                             0x080017c1   Thumb Code  1744  printfa.o(i._printf_core)
    i._printf_post_padding                   0x08001e9c   Section        0  printfa.o(i._printf_post_padding)
    _printf_post_padding                     0x08001e9d   Thumb Code    36  printfa.o(i._printf_post_padding)
    i._printf_pre_padding                    0x08001ec0   Section        0  printfa.o(i._printf_pre_padding)
    _printf_pre_padding                      0x08001ec1   Thumb Code    46  printfa.o(i._printf_pre_padding)
    i.delay_init                             0x08001ef0   Section        0  delay.o(i.delay_init)
    i.delay_ms                               0x08001f34   Section        0  delay.o(i.delay_ms)
    i.ee_CheckOk                             0x08001f80   Section        0  eeprom.o(i.ee_CheckOk)
    i.ee_Delay                               0x08001f96   Section        0  eeprom.o(i.ee_Delay)
    ee_Delay                                 0x08001f97   Thumb Code    18  eeprom.o(i.ee_Delay)
    i.ee_ReadBytes                           0x08001fa8   Section        0  eeprom.o(i.ee_ReadBytes)
    i.ee_Test                                0x0800201c   Section        0  eeprom.o(i.ee_Test)
    i.ee_WriteBytes                          0x08002198   Section        0  eeprom.o(i.ee_WriteBytes)
    i.fputc                                  0x08002218   Section        0  uart.o(i.fputc)
    i.i2c_CheckDevice                        0x08002234   Section        0  softwarei2c.o(i.i2c_CheckDevice)
    i.main                                   0x08002254   Section        0  main.o(i.main)
    i.uart_initwBaudRate                     0x08002448   Section        0  uart.o(i.uart_initwBaudRate)
    .data                                    0x20000000   Section       20  system_mm32l3xx.o(.data)
    .data                                    0x20000014   Section       20  hal_rcc.o(.data)
    APBAHBPrescTable                         0x20000014   Data          16  hal_rcc.o(.data)
    ADCPrescTable                            0x20000024   Data           4  hal_rcc.o(.data)
    .data                                    0x20000028   Section        1  main.o(.data)
    .data                                    0x2000002a   Section        4  delay.o(.data)
    fac_us                                   0x2000002a   Data           1  delay.o(.data)
    fac_ms                                   0x2000002c   Data           2  delay.o(.data)
    .data                                    0x2000002e   Section        3  uart.o(.data)
    .data                                    0x20000031   Section        1  key.o(.data)
    key_up                                   0x20000031   Data           1  key.o(.data)
    .data                                    0x20000034   Section        4  stdout.o(.data)
    .bss                                     0x20000038   Section      200  uart.o(.bss)
    STACK                                    0x20000100   Section     1024  startup_mm32l3xx.o(STACK)

    Global Symbols

    Symbol Name                              Value     Ov Type        Size  Object(Section)

    BuildAttributes$$THM_ISAv4$P$D$K$B$S$PE$A:L22UL41UL21$X:L11$S22US41US21$IEEE1$IW$USESV6$~STKCKD$USESV7$~SHL$OTIME$ROPI$EBA8$MICROLIB$REQ8$PRES8$EABIv2 0x00000000   Number         0  anon$$obj.o ABSOLUTE
    __ARM_use_no_argv                        0x00000000   Number         0  main.o ABSOLUTE
    _printf_a                                0x00000000   Number         0  stubs.o ABSOLUTE
    _printf_c                                0x00000000   Number         0  stubs.o ABSOLUTE
    _printf_charcount                        0x00000000   Number         0  stubs.o ABSOLUTE
    _printf_d                                0x00000000   Number         0  stubs.o ABSOLUTE
    _printf_e                                0x00000000   Number         0  stubs.o ABSOLUTE
    _printf_f                                0x00000000   Number         0  stubs.o ABSOLUTE
    _printf_flags                            0x00000000   Number         0  stubs.o ABSOLUTE
    _printf_fp_dec                           0x00000000   Number         0  stubs.o ABSOLUTE
    _printf_fp_hex                           0x00000000   Number         0  stubs.o ABSOLUTE
    _printf_g                                0x00000000   Number         0  stubs.o ABSOLUTE
    _printf_i                                0x00000000   Number         0  stubs.o ABSOLUTE
    _printf_int_dec                          0x00000000   Number         0  stubs.o ABSOLUTE
    _printf_l                                0x00000000   Number         0  stubs.o ABSOLUTE
    _printf_lc                               0x00000000   Number         0  stubs.o ABSOLUTE
    _printf_ll                               0x00000000   Number         0  stubs.o ABSOLUTE
    _printf_lld                              0x00000000   Number         0  stubs.o ABSOLUTE
    _printf_lli                              0x00000000   Number         0  stubs.o ABSOLUTE
    _printf_llo                              0x00000000   Number         0  stubs.o ABSOLUTE
    _printf_llu                              0x00000000   Number         0  stubs.o ABSOLUTE
    _printf_llx                              0x00000000   Number         0  stubs.o ABSOLUTE
    _printf_longlong_dec                     0x00000000   Number         0  stubs.o ABSOLUTE
    _printf_longlong_hex                     0x00000000   Number         0  stubs.o ABSOLUTE
    _printf_longlong_oct                     0x00000000   Number         0  stubs.o ABSOLUTE
    _printf_ls                               0x00000000   Number         0  stubs.o ABSOLUTE
    _printf_mbtowc                           0x00000000   Number         0  stubs.o ABSOLUTE
    _printf_n                                0x00000000   Number         0  stubs.o ABSOLUTE
    _printf_o                                0x00000000   Number         0  stubs.o ABSOLUTE
    _printf_p                                0x00000000   Number         0  stubs.o ABSOLUTE
    _printf_percent                          0x00000000   Number         0  stubs.o ABSOLUTE
    _printf_pre_padding                      0x00000000   Number         0  stubs.o ABSOLUTE
    _printf_return_value                     0x00000000   Number         0  stubs.o ABSOLUTE
    _printf_s                                0x00000000   Number         0  stubs.o ABSOLUTE
    _printf_sizespec                         0x00000000   Number         0  stubs.o ABSOLUTE
    _printf_str                              0x00000000   Number         0  stubs.o ABSOLUTE
    _printf_truncate_signed                  0x00000000   Number         0  stubs.o ABSOLUTE
    _printf_truncate_unsigned                0x00000000   Number         0  stubs.o ABSOLUTE
    _printf_u                                0x00000000   Number         0  stubs.o ABSOLUTE
    _printf_wc                               0x00000000   Number         0  stubs.o ABSOLUTE
    _printf_wctomb                           0x00000000   Number         0  stubs.o ABSOLUTE
    _printf_widthprec                        0x00000000   Number         0  stubs.o ABSOLUTE
    _printf_x                                0x00000000   Number         0  stubs.o ABSOLUTE
    __cpp_initialize__aeabi_                  - Undefined Weak Reference
    __cxa_finalize                            - Undefined Weak Reference
    __decompress                              - Undefined Weak Reference
    _clock_init                               - Undefined Weak Reference
    _microlib_exit                            - Undefined Weak Reference
    __Vectors_Size                           0x000000f8   Number         0  startup_mm32l3xx.o ABSOLUTE
    __Vectors                                0x08000000   Data           4  startup_mm32l3xx.o(RESET)
    __Vectors_End                            0x080000f8   Data           0  startup_mm32l3xx.o(RESET)
    __main                                   0x080000f9   Thumb Code     0  entry.o(.ARM.Collect$$$$00000000)
    _main_stk                                0x080000f9   Thumb Code     0  entry2.o(.ARM.Collect$$$$00000001)
    _main_scatterload                        0x080000fd   Thumb Code     0  entry5.o(.ARM.Collect$$$$00000004)
    __main_after_scatterload                 0x08000101   Thumb Code     0  entry5.o(.ARM.Collect$$$$00000004)
    _main_clock                              0x08000101   Thumb Code     0  entry7b.o(.ARM.Collect$$$$00000008)
    _main_cpp_init                           0x08000101   Thumb Code     0  entry8b.o(.ARM.Collect$$$$0000000A)
    _main_init                               0x08000101   Thumb Code     0  entry9a.o(.ARM.Collect$$$$0000000B)
    __rt_final_cpp                           0x08000109   Thumb Code     0  entry10a.o(.ARM.Collect$$$$0000000D)
    __rt_final_exit                          0x08000109   Thumb Code     0  entry11a.o(.ARM.Collect$$$$0000000F)
    Reset_Handler                            0x0800010d   Thumb Code     8  startup_mm32l3xx.o(.text)
    NMI_Handler                              0x08000115   Thumb Code     2  startup_mm32l3xx.o(.text)
    HardFault_Handler                        0x08000117   Thumb Code     2  startup_mm32l3xx.o(.text)
    MemManage_Handler                        0x08000119   Thumb Code     2  startup_mm32l3xx.o(.text)
    BusFault_Handler                         0x0800011b   Thumb Code     2  startup_mm32l3xx.o(.text)
    UsageFault_Handler                       0x0800011d   Thumb Code     2  startup_mm32l3xx.o(.text)
    SVC_Handler                              0x0800011f   Thumb Code     2  startup_mm32l3xx.o(.text)
    DebugMon_Handler                         0x08000121   Thumb Code     2  startup_mm32l3xx.o(.text)
    PendSV_Handler                           0x08000123   Thumb Code     2  startup_mm32l3xx.o(.text)
    SysTick_Handler                          0x08000125   Thumb Code     2  startup_mm32l3xx.o(.text)
    ADC1_2_IRQHandler                        0x08000127   Thumb Code     0  startup_mm32l3xx.o(.text)
    AES_IRQHandler                           0x08000127   Thumb Code     0  startup_mm32l3xx.o(.text)
    CAN1_RX1_IRQHandler                      0x08000127   Thumb Code     0  startup_mm32l3xx.o(.text)
    CAN1_SCE_IRQHandler                      0x08000127   Thumb Code     0  startup_mm32l3xx.o(.text)
    DMA1_Channel1_IRQHandler                 0x08000127   Thumb Code     0  startup_mm32l3xx.o(.text)
    DMA1_Channel2_IRQHandler                 0x08000127   Thumb Code     0  startup_mm32l3xx.o(.text)
    DMA1_Channel3_IRQHandler                 0x08000127   Thumb Code     0  startup_mm32l3xx.o(.text)
    DMA1_Channel4_IRQHandler                 0x08000127   Thumb Code     0  startup_mm32l3xx.o(.text)
    DMA1_Channel5_IRQHandler                 0x08000127   Thumb Code     0  startup_mm32l3xx.o(.text)
    DMA1_Channel6_IRQHandler                 0x08000127   Thumb Code     0  startup_mm32l3xx.o(.text)
    DMA1_Channel7_IRQHandler                 0x08000127   Thumb Code     0  startup_mm32l3xx.o(.text)
    EXTI0_IRQHandler                         0x08000127   Thumb Code     0  startup_mm32l3xx.o(.text)
    EXTI15_10_IRQHandler                     0x08000127   Thumb Code     0  startup_mm32l3xx.o(.text)
    EXTI1_IRQHandler                         0x08000127   Thumb Code     0  startup_mm32l3xx.o(.text)
    EXTI2_IRQHandler                         0x08000127   Thumb Code     0  startup_mm32l3xx.o(.text)
    EXTI3_IRQHandler                         0x08000127   Thumb Code     0  startup_mm32l3xx.o(.text)
    EXTI4_IRQHandler                         0x08000127   Thumb Code     0  startup_mm32l3xx.o(.text)
    EXTI9_5_IRQHandler                       0x08000127   Thumb Code     0  startup_mm32l3xx.o(.text)
    FLASH_IRQHandler                         0x08000127   Thumb Code     0  startup_mm32l3xx.o(.text)
    I2C1_ER_IRQHandler                       0x08000127   Thumb Code     0  startup_mm32l3xx.o(.text)
    I2C1_EV_IRQHandler                       0x08000127   Thumb Code     0  startup_mm32l3xx.o(.text)
    I2C2_ER_IRQHandler                       0x08000127   Thumb Code     0  startup_mm32l3xx.o(.text)
    I2C2_EV_IRQHandler                       0x08000127   Thumb Code     0  startup_mm32l3xx.o(.text)
    PVD_IRQHandler                           0x08000127   Thumb Code     0  startup_mm32l3xx.o(.text)
    RCC_IRQHandler                           0x08000127   Thumb Code     0  startup_mm32l3xx.o(.text)
    RTCAlarm_IRQHandler                      0x08000127   Thumb Code     0  startup_mm32l3xx.o(.text)
    RTC_IRQHandler                           0x08000127   Thumb Code     0  startup_mm32l3xx.o(.text)
    SPI1_IRQHandler                          0x08000127   Thumb Code     0  startup_mm32l3xx.o(.text)
    SPI2_IRQHandler                          0x08000127   Thumb Code     0  startup_mm32l3xx.o(.text)
    TAMPER_IRQHandler                        0x08000127   Thumb Code     0  startup_mm32l3xx.o(.text)
    TIM1_BRK_IRQHandler                      0x08000127   Thumb Code     0  startup_mm32l3xx.o(.text)
    TIM1_CC_IRQHandler                       0x08000127   Thumb Code     0  startup_mm32l3xx.o(.text)
    TIM1_TRG_COM_IRQHandler                  0x08000127   Thumb Code     0  startup_mm32l3xx.o(.text)
    TIM1_UP_IRQHandler                       0x08000127   Thumb Code     0  startup_mm32l3xx.o(.text)
    TIM2_IRQHandler                          0x08000127   Thumb Code     0  startup_mm32l3xx.o(.text)
    TIM3_IRQHandler                          0x08000127   Thumb Code     0  startup_mm32l3xx.o(.text)
    TIM4_IRQHandler                          0x08000127   Thumb Code     0  startup_mm32l3xx.o(.text)
    UART1_IRQHandler                         0x08000127   Thumb Code     0  startup_mm32l3xx.o(.text)
    UART3_IRQHandler                         0x08000127   Thumb Code     0  startup_mm32l3xx.o(.text)
    USBWakeUp_IRQHandler                     0x08000127   Thumb Code     0  startup_mm32l3xx.o(.text)
    USB_HP_CAN1_TX_IRQHandler                0x08000127   Thumb Code     0  startup_mm32l3xx.o(.text)
    USB_LP_CAN1_RX0_IRQHandler               0x08000127   Thumb Code     0  startup_mm32l3xx.o(.text)
    WWDG_IRQHandler                          0x08000127   Thumb Code     0  startup_mm32l3xx.o(.text)
    strlen                                   0x08000131   Thumb Code    14  strlen.o(.text)
    strncmp                                  0x0800013f   Thumb Code    30  strncmp.o(.text)
    __aeabi_fdiv                             0x0800015d   Thumb Code   124  fdiv.o(.text)
    __aeabi_dmul                             0x080001d9   Thumb Code   228  dmul.o(.text)
    __aeabi_ui2f                             0x080002bd   Thumb Code    10  ffltui.o(.text)
    __aeabi_f2d                              0x080002c7   Thumb Code    38  f2d.o(.text)
    __aeabi_d2f                              0x080002ed   Thumb Code    56  d2f.o(.text)
    __aeabi_uidiv                            0x08000325   Thumb Code     0  uidiv.o(.text)
    __aeabi_uidivmod                         0x08000325   Thumb Code    44  uidiv.o(.text)
    __aeabi_uldivmod                         0x08000351   Thumb Code    98  uldiv.o(.text)
    __I$use$fp                               0x080003b3   Thumb Code     0  iusefp.o(.text)
    _float_round                             0x080003b3   Thumb Code    18  fepilogue.o(.text)
    _float_epilogue                          0x080003c5   Thumb Code    92  fepilogue.o(.text)
    _double_round                            0x08000421   Thumb Code    30  depilogue.o(.text)
    _double_epilogue                         0x0800043f   Thumb Code   156  depilogue.o(.text)
    __aeabi_dadd                             0x080004db   Thumb Code   322  dadd.o(.text)
    __aeabi_dsub                             0x0800061d   Thumb Code     6  dadd.o(.text)
    __aeabi_drsub                            0x08000623   Thumb Code     6  dadd.o(.text)
    __aeabi_ddiv                             0x08000629   Thumb Code   222  ddiv.o(.text)
    __aeabi_d2ulz                            0x08000707   Thumb Code    48  dfixul.o(.text)
    __aeabi_cdrcmple                         0x08000739   Thumb Code    48  cdrcmple.o(.text)
    __scatterload                            0x08000769   Thumb Code    28  init.o(.text)
    __scatterload_rt2                        0x08000769   Thumb Code     0  init.o(.text)
    __aeabi_llsl                             0x0800078d   Thumb Code    30  llshl.o(.text)
    _ll_shift_l                              0x0800078d   Thumb Code     0  llshl.o(.text)
    __aeabi_llsr                             0x080007ab   Thumb Code    32  llushr.o(.text)
    _ll_ushift_r                             0x080007ab   Thumb Code     0  llushr.o(.text)
    __aeabi_lasr                             0x080007cb   Thumb Code    36  llsshr.o(.text)
    _ll_sshift_r                             0x080007cb   Thumb Code     0  llsshr.o(.text)
    ADC1_Init                                0x080007f1   Thumb Code    98  adc.o(i.ADC1_Init)
    ADC1_SingleChannel_Get                   0x08000859   Thumb Code    48  adc.o(i.ADC1_SingleChannel_Get)
    ADC_ClearFlag                            0x0800088d   Thumb Code     8  hal_adc.o(i.ADC_ClearFlag)
    ADC_Cmd                                  0x08000895   Thumb Code    22  hal_adc.o(i.ADC_Cmd)
    ADC_Init                                 0x080008ab   Thumb Code    46  hal_adc.o(i.ADC_Init)
    ADC_RegularChannelConfig                 0x080008d9   Thumb Code   162  hal_adc.o(i.ADC_RegularChannelConfig)
    ADC_SoftwareStartConvCmd                 0x0800097b   Thumb Code    22  hal_adc.o(i.ADC_SoftwareStartConvCmd)
    Beep_Off                                 0x08000991   Thumb Code    12  beep.o(i.Beep_Off)
    Beep_On                                  0x080009a1   Thumb Code    12  beep.o(i.Beep_On)
    Beep_init                                0x080009b1   Thumb Code     8  beep.o(i.Beep_init)
    GPIO_Configuration                       0x080009b9   Thumb Code    38  adc.o(i.GPIO_Configuration)
    GPIO_Init                                0x080009e5   Thumb Code   278  hal_gpio.o(i.GPIO_Init)
    GPIO_PinRemapConfig                      0x08000afd   Thumb Code    94  hal_gpio.o(i.GPIO_PinRemapConfig)
    GPIO_ReadInputDataBit                    0x08000b61   Thumb Code    18  hal_gpio.o(i.GPIO_ReadInputDataBit)
    Get_AdcValue                             0x08000b75   Thumb Code    76  adc.o(i.Get_AdcValue)
    Get_Adc_Average                          0x08000bdd   Thumb Code    52  adc.o(i.Get_Adc_Average)
    I2C_GPIO_Configuration                   0x08000c21   Thumb Code    38  softwarei2c.o(i.I2C_GPIO_Configuration)
    I2C_GetAck                               0x08000c4d   Thumb Code    56  softwarei2c.o(i.I2C_GetAck)
    I2C_Initializes                          0x08000c89   Thumb Code    18  softwarei2c.o(i.I2C_Initializes)
    I2C_PutAck                               0x08000ca1   Thumb Code    84  softwarei2c.o(i.I2C_PutAck)
    I2C_ReadByte                             0x08000cf9   Thumb Code    62  softwarei2c.o(i.I2C_ReadByte)
    I2C_Start                                0x08000d3d   Thumb Code    42  softwarei2c.o(i.I2C_Start)
    I2C_Stop                                 0x08000d6d   Thumb Code    32  softwarei2c.o(i.I2C_Stop)
    I2C_WriteByte                            0x08000d91   Thumb Code    80  softwarei2c.o(i.I2C_WriteByte)
    KEY_Init                                 0x08000de5   Thumb Code    54  key.o(i.KEY_Init)
    KEY_Scan                                 0x08000e21   Thumb Code   194  key.o(i.KEY_Scan)
    LED_Init                                 0x08000eed   Thumb Code   106  led.o(i.LED_Init)
    Led_Key_Test                             0x08000f71   Thumb Code   120  main.o(i.Led_Key_Test)
    NVIC_Init                                0x08000ff1   Thumb Code   114  hal_misc.o(i.NVIC_Init)
    NVIC_PriorityGroupConfig                 0x08001071   Thumb Code    10  hal_misc.o(i.NVIC_PriorityGroupConfig)
    RCC_APB1PeriphClockCmd                   0x08001085   Thumb Code    26  hal_rcc.o(i.RCC_APB1PeriphClockCmd)
    RCC_APB2PeriphClockCmd                   0x080010a5   Thumb Code    26  hal_rcc.o(i.RCC_APB2PeriphClockCmd)
    RCC_GetClocksFreq                        0x080010c5   Thumb Code   212  hal_rcc.o(i.RCC_GetClocksFreq)
    SysTick_CLKSourceConfig                  0x08001259   Thumb Code    40  hal_misc.o(i.SysTick_CLKSourceConfig)
    SystemInit                               0x08001281   Thumb Code    88  system_mm32l3xx.o(i.SystemInit)
    TIM1_PWM_Init                            0x080012e9   Thumb Code   160  tim.o(i.TIM1_PWM_Init)
    TIM_ARRPreloadConfig                     0x08001395   Thumb Code    24  hal_tim.o(i.TIM_ARRPreloadConfig)
    TIM_Cmd                                  0x080013ad   Thumb Code    24  hal_tim.o(i.TIM_Cmd)
    TIM_CtrlPWMOutputs                       0x080013c5   Thumb Code    30  hal_tim.o(i.TIM_CtrlPWMOutputs)
    TIM_OC1Init                              0x080013e5   Thumb Code   100  hal_tim.o(i.TIM_OC1Init)
    TIM_OC1PreloadConfig                     0x0800144d   Thumb Code    18  hal_tim.o(i.TIM_OC1PreloadConfig)
    TIM_SetCompare1                          0x0800145f   Thumb Code     4  hal_tim.o(i.TIM_SetCompare1)
    TIM_TimeBaseInit                         0x08001465   Thumb Code    44  hal_tim.o(i.TIM_TimeBaseInit)
    UART2_IRQHandler                         0x08001495   Thumb Code   136  main.o(i.UART2_IRQHandler)
    UART_ClearITPendingBit                   0x08001531   Thumb Code     4  hal_uart.o(i.UART_ClearITPendingBit)
    UART_Cmd                                 0x08001535   Thumb Code    24  hal_uart.o(i.UART_Cmd)
    UART_GetFlagStatus                       0x0800154d   Thumb Code    18  hal_uart.o(i.UART_GetFlagStatus)
    UART_GetITStatus                         0x0800155f   Thumb Code    18  hal_uart.o(i.UART_GetITStatus)
    UART_ITConfig                            0x08001571   Thumb Code    18  hal_uart.o(i.UART_ITConfig)
    UART_Init                                0x08001585   Thumb Code   108  hal_uart.o(i.UART_Init)
    UART_ReceiveData                         0x080015f5   Thumb Code     8  hal_uart.o(i.UART_ReceiveData)
    __0printf                                0x080015fd   Thumb Code    22  printfa.o(i.__0printf)
    __1printf                                0x080015fd   Thumb Code     0  printfa.o(i.__0printf)
    __2printf                                0x080015fd   Thumb Code     0  printfa.o(i.__0printf)
    __c89printf                              0x080015fd   Thumb Code     0  printfa.o(i.__0printf)
    printf                                   0x080015fd   Thumb Code     0  printfa.o(i.__0printf)
    __scatterload_copy                       0x0800161d   Thumb Code    14  handlers.o(i.__scatterload_copy)
    __scatterload_null                       0x0800162b   Thumb Code     2  handlers.o(i.__scatterload_null)
    __scatterload_zeroinit                   0x0800162d   Thumb Code    14  handlers.o(i.__scatterload_zeroinit)
    delay_init                               0x08001ef1   Thumb Code    50  delay.o(i.delay_init)
    delay_ms                                 0x08001f35   Thumb Code    72  delay.o(i.delay_ms)
    ee_CheckOk                               0x08001f81   Thumb Code    22  eeprom.o(i.ee_CheckOk)
    ee_ReadBytes                             0x08001fa9   Thumb Code   116  eeprom.o(i.ee_ReadBytes)
    ee_Test                                  0x0800201d   Thumb Code   186  eeprom.o(i.ee_Test)
    ee_WriteBytes                            0x08002199   Thumb Code   128  eeprom.o(i.ee_WriteBytes)
    fputc                                    0x08002219   Thumb Code    24  uart.o(i.fputc)
    i2c_CheckDevice                          0x08002235   Thumb Code    32  softwarei2c.o(i.i2c_CheckDevice)
    main                                     0x08002255   Thumb Code   234  main.o(i.main)
    uart_initwBaudRate                       0x08002449   Thumb Code   346  uart.o(i.uart_initwBaudRate)
    Region$$Table$$Base                      0x080025b8   Number         0  anon$$obj.o(Region$$Table)
    Region$$Table$$Limit                     0x080025d8   Number         0  anon$$obj.o(Region$$Table)
    SystemCoreClock                          0x20000000   Data           4  system_mm32l3xx.o(.data)
    AHBPrescTable                            0x20000004   Data          16  system_mm32l3xx.o(.data)
    UART_Finish_FLAG                         0x20000028   Data           1  main.o(.data)
    sp                                       0x2000002e   Data           1  uart.o(.data)
    USART_Finish_FLAG                        0x2000002f   Data           1  uart.o(.data)
    Rx_Len                                   0x20000030   Data           1  uart.o(.data)
    __stdout                                 0x20000034   Data           4  stdout.o(.data)
    SendBuffer                               0x20000038   Data         100  uart.o(.bss)
    RecBuffer                                0x2000009c   Data         100  uart.o(.bss)
    __initial_sp                             0x20000500   Data           0  startup_mm32l3xx.o(STACK)



==============================================================================

Memory Map of the image

  Image Entry point : 0x080000f9

  Load Region LR_IROM1 (Base: 0x08000000, Size: 0x00002610, Max: 0x00020000, ABSOLUTE)

    Execution Region ER_IROM1 (Exec base: 0x08000000, Load base: 0x08000000, Size: 0x000025d8, Max: 0x00020000, ABSOLUTE)

    Exec Addr    Load Addr    Size         Type   Attr      Idx    E Section Name        Object

    0x08000000   0x08000000   0x000000f8   Data   RO          128    RESET               startup_mm32l3xx.o
    0x080000f8   0x080000f8   0x00000000   Code   RO         3522  * .ARM.Collect$$$$00000000  mc_w.l(entry.o)
    0x080000f8   0x080000f8   0x00000004   Code   RO         3800    .ARM.Collect$$$$00000001  mc_w.l(entry2.o)
    0x080000fc   0x080000fc   0x00000004   Code   RO         3803    .ARM.Collect$$$$00000004  mc_w.l(entry5.o)
    0x08000100   0x08000100   0x00000000   Code   RO         3805    .ARM.Collect$$$$00000008  mc_w.l(entry7b.o)
    0x08000100   0x08000100   0x00000000   Code   RO         3807    .ARM.Collect$$$$0000000A  mc_w.l(entry8b.o)
    0x08000100   0x08000100   0x00000008   Code   RO         3808    .ARM.Collect$$$$0000000B  mc_w.l(entry9a.o)
    0x08000108   0x08000108   0x00000000   Code   RO         3810    .ARM.Collect$$$$0000000D  mc_w.l(entry10a.o)
    0x08000108   0x08000108   0x00000000   Code   RO         3812    .ARM.Collect$$$$0000000F  mc_w.l(entry11a.o)
    0x08000108   0x08000108   0x00000004   Code   RO         3801    .ARM.Collect$$$$00002712  mc_w.l(entry2.o)
    0x0800010c   0x0800010c   0x00000024   Code   RO          129    .text               startup_mm32l3xx.o
    0x08000130   0x08000130   0x0000000e   Code   RO         3525    .text               mc_w.l(strlen.o)
    0x0800013e   0x0800013e   0x0000001e   Code   RO         3527    .text               mc_w.l(strncmp.o)
    0x0800015c   0x0800015c   0x0000007c   Code   RO         3790    .text               mf_w.l(fdiv.o)
    0x080001d8   0x080001d8   0x000000e4   Code   RO         3792    .text               mf_w.l(dmul.o)
    0x080002bc   0x080002bc   0x0000000a   Code   RO         3794    .text               mf_w.l(ffltui.o)
    0x080002c6   0x080002c6   0x00000026   Code   RO         3796    .text               mf_w.l(f2d.o)
    0x080002ec   0x080002ec   0x00000038   Code   RO         3798    .text               mf_w.l(d2f.o)
    0x08000324   0x08000324   0x0000002c   Code   RO         3815    .text               mc_w.l(uidiv.o)
    0x08000350   0x08000350   0x00000062   Code   RO         3817    .text               mc_w.l(uldiv.o)
    0x080003b2   0x080003b2   0x00000000   Code   RO         3819    .text               mc_w.l(iusefp.o)
    0x080003b2   0x080003b2   0x0000006e   Code   RO         3820    .text               mf_w.l(fepilogue.o)
    0x08000420   0x08000420   0x000000ba   Code   RO         3822    .text               mf_w.l(depilogue.o)
    0x080004da   0x080004da   0x0000014e   Code   RO         3824    .text               mf_w.l(dadd.o)
    0x08000628   0x08000628   0x000000de   Code   RO         3826    .text               mf_w.l(ddiv.o)
    0x08000706   0x08000706   0x00000030   Code   RO         3828    .text               mf_w.l(dfixul.o)
    0x08000736   0x08000736   0x00000002   PAD
    0x08000738   0x08000738   0x00000030   Code   RO         3830    .text               mf_w.l(cdrcmple.o)
    0x08000768   0x08000768   0x00000024   Code   RO         3832    .text               mc_w.l(init.o)
    0x0800078c   0x0800078c   0x0000001e   Code   RO         3834    .text               mc_w.l(llshl.o)
    0x080007aa   0x080007aa   0x00000020   Code   RO         3836    .text               mc_w.l(llushr.o)
    0x080007ca   0x080007ca   0x00000024   Code   RO         3838    .text               mc_w.l(llsshr.o)
    0x080007ee   0x080007ee   0x00000002   PAD
    0x080007f0   0x080007f0   0x00000068   Code   RO         2942    i.ADC1_Init         adc.o
    0x08000858   0x08000858   0x00000034   Code   RO         2943    i.ADC1_SingleChannel_Get  adc.o
    0x0800088c   0x0800088c   0x00000008   Code   RO          139    i.ADC_ClearFlag     hal_adc.o
    0x08000894   0x08000894   0x00000016   Code   RO          141    i.ADC_Cmd           hal_adc.o
    0x080008aa   0x080008aa   0x0000002e   Code   RO          153    i.ADC_Init          hal_adc.o
    0x080008d8   0x080008d8   0x000000a2   Code   RO          154    i.ADC_RegularChannelConfig  hal_adc.o
    0x0800097a   0x0800097a   0x00000016   Code   RO          155    i.ADC_SoftwareStartConvCmd  hal_adc.o
    0x08000990   0x08000990   0x00000010   Code   RO         3262    i.Beep_Off          beep.o
    0x080009a0   0x080009a0   0x00000010   Code   RO         3263    i.Beep_On           beep.o
    0x080009b0   0x080009b0   0x00000008   Code   RO         3264    i.Beep_init         beep.o
    0x080009b8   0x080009b8   0x0000002c   Code   RO         2944    i.GPIO_Configuration  adc.o
    0x080009e4   0x080009e4   0x00000116   Code   RO         1254    i.GPIO_Init         hal_gpio.o
    0x08000afa   0x08000afa   0x00000002   PAD
    0x08000afc   0x08000afc   0x00000064   Code   RO         1256    i.GPIO_PinRemapConfig  hal_gpio.o
    0x08000b60   0x08000b60   0x00000012   Code   RO         1258    i.GPIO_ReadInputDataBit  hal_gpio.o
    0x08000b72   0x08000b72   0x00000002   PAD
    0x08000b74   0x08000b74   0x00000068   Code   RO         2945    i.Get_AdcValue      adc.o
    0x08000bdc   0x08000bdc   0x00000034   Code   RO         2946    i.Get_Adc_Average   adc.o
    0x08000c10   0x08000c10   0x0000000e   Code   RO         3028    i.I2C_Delay         softwarei2c.o
    0x08000c1e   0x08000c1e   0x00000002   PAD
    0x08000c20   0x08000c20   0x0000002c   Code   RO         3029    i.I2C_GPIO_Configuration  softwarei2c.o
    0x08000c4c   0x08000c4c   0x0000003c   Code   RO         3030    i.I2C_GetAck        softwarei2c.o
    0x08000c88   0x08000c88   0x00000018   Code   RO         3031    i.I2C_Initializes   softwarei2c.o
    0x08000ca0   0x08000ca0   0x00000058   Code   RO         3032    i.I2C_PutAck        softwarei2c.o
    0x08000cf8   0x08000cf8   0x00000044   Code   RO         3033    i.I2C_ReadByte      softwarei2c.o
    0x08000d3c   0x08000d3c   0x00000030   Code   RO         3036    i.I2C_Start         softwarei2c.o
    0x08000d6c   0x08000d6c   0x00000024   Code   RO         3037    i.I2C_Stop          softwarei2c.o
    0x08000d90   0x08000d90   0x00000054   Code   RO         3038    i.I2C_WriteByte     softwarei2c.o
    0x08000de4   0x08000de4   0x0000003c   Code   RO         3470    i.KEY_Init          key.o
    0x08000e20   0x08000e20   0x000000cc   Code   RO         3471    i.KEY_Scan          key.o
    0x08000eec   0x08000eec   0x00000084   Code   RO         3501    i.LED_Init          led.o
    0x08000f70   0x08000f70   0x00000080   Code   RO         2858    i.Led_Key_Test      main.o
    0x08000ff0   0x08000ff0   0x00000080   Code   RO         1576    i.NVIC_Init         hal_misc.o
    0x08001070   0x08001070   0x00000014   Code   RO         1577    i.NVIC_PriorityGroupConfig  hal_misc.o
    0x08001084   0x08001084   0x00000020   Code   RO         1698    i.RCC_APB1PeriphClockCmd  hal_rcc.o
    0x080010a4   0x080010a4   0x00000020   Code   RO         1700    i.RCC_APB2PeriphClockCmd  hal_rcc.o
    0x080010c4   0x080010c4   0x000000ec   Code   RO         1708    i.RCC_GetClocksFreq  hal_rcc.o
    0x080011b0   0x080011b0   0x00000008   Code   RO            4    i.SetSysClock       system_mm32l3xx.o
    0x080011b8   0x080011b8   0x000000a0   Code   RO            5    i.SetSysClockTo96_HSI  system_mm32l3xx.o
    0x08001258   0x08001258   0x00000028   Code   RO         1580    i.SysTick_CLKSourceConfig  hal_misc.o
    0x08001280   0x08001280   0x00000068   Code   RO            6    i.SystemInit        system_mm32l3xx.o
    0x080012e8   0x080012e8   0x000000ac   Code   RO         3201    i.TIM1_PWM_Init     tim.o
    0x08001394   0x08001394   0x00000018   Code   RO         2146    i.TIM_ARRPreloadConfig  hal_tim.o
    0x080013ac   0x080013ac   0x00000018   Code   RO         2158    i.TIM_Cmd           hal_tim.o
    0x080013c4   0x080013c4   0x0000001e   Code   RO         2160    i.TIM_CtrlPWMOutputs  hal_tim.o
    0x080013e2   0x080013e2   0x00000002   PAD
    0x080013e4   0x080013e4   0x00000068   Code   RO         2187    i.TIM_OC1Init       hal_tim.o
    0x0800144c   0x0800144c   0x00000012   Code   RO         2190    i.TIM_OC1PreloadConfig  hal_tim.o
    0x0800145e   0x0800145e   0x00000004   Code   RO         2219    i.TIM_SetCompare1   hal_tim.o
    0x08001462   0x08001462   0x00000002   PAD
    0x08001464   0x08001464   0x00000030   Code   RO         2229    i.TIM_TimeBaseInit  hal_tim.o
    0x08001494   0x08001494   0x0000009c   Code   RO         2859    i.UART2_IRQHandler  main.o
    0x08001530   0x08001530   0x00000004   Code   RO         2703    i.UART_ClearITPendingBit  hal_uart.o
    0x08001534   0x08001534   0x00000018   Code   RO         2704    i.UART_Cmd          hal_uart.o
    0x0800154c   0x0800154c   0x00000012   Code   RO         2707    i.UART_GetFlagStatus  hal_uart.o
    0x0800155e   0x0800155e   0x00000012   Code   RO         2708    i.UART_GetITStatus  hal_uart.o
    0x08001570   0x08001570   0x00000012   Code   RO         2709    i.UART_ITConfig     hal_uart.o
    0x08001582   0x08001582   0x00000002   PAD
    0x08001584   0x08001584   0x00000070   Code   RO         2710    i.UART_Init         hal_uart.o
    0x080015f4   0x080015f4   0x00000008   Code   RO         2711    i.UART_ReceiveData  hal_uart.o
    0x080015fc   0x080015fc   0x00000020   Code   RO         3762    i.__0printf         mc_w.l(printfa.o)
    0x0800161c   0x0800161c   0x0000000e   Code   RO         3842    i.__scatterload_copy  mc_w.l(handlers.o)
    0x0800162a   0x0800162a   0x00000002   Code   RO         3843    i.__scatterload_null  mc_w.l(handlers.o)
    0x0800162c   0x0800162c   0x0000000e   Code   RO         3844    i.__scatterload_zeroinit  mc_w.l(handlers.o)
    0x0800163a   0x0800163a   0x00000002   PAD
    0x0800163c   0x0800163c   0x00000184   Code   RO         3769    i._fp_digits        mc_w.l(printfa.o)
    0x080017c0   0x080017c0   0x000006dc   Code   RO         3770    i._printf_core      mc_w.l(printfa.o)
    0x08001e9c   0x08001e9c   0x00000024   Code   RO         3771    i._printf_post_padding  mc_w.l(printfa.o)
    0x08001ec0   0x08001ec0   0x0000002e   Code   RO         3772    i._printf_pre_padding  mc_w.l(printfa.o)
    0x08001eee   0x08001eee   0x00000002   PAD
    0x08001ef0   0x08001ef0   0x00000044   Code   RO         2990    i.delay_init        delay.o
    0x08001f34   0x08001f34   0x0000004c   Code   RO         2991    i.delay_ms          delay.o
    0x08001f80   0x08001f80   0x00000016   Code   RO         3298    i.ee_CheckOk        eeprom.o
    0x08001f96   0x08001f96   0x00000012   Code   RO         3299    i.ee_Delay          eeprom.o
    0x08001fa8   0x08001fa8   0x00000074   Code   RO         3301    i.ee_ReadBytes      eeprom.o
    0x0800201c   0x0800201c   0x0000017c   Code   RO         3302    i.ee_Test           eeprom.o
    0x08002198   0x08002198   0x00000080   Code   RO         3303    i.ee_WriteBytes     eeprom.o
    0x08002218   0x08002218   0x0000001c   Code   RO         3225    i.fputc             uart.o
    0x08002234   0x08002234   0x00000020   Code   RO         3039    i.i2c_CheckDevice   softwarei2c.o
    0x08002254   0x08002254   0x000001f4   Code   RO         2860    i.main              main.o
    0x08002448   0x08002448   0x00000170   Code   RO         3226    i.uart_initwBaudRate  uart.o
    0x080025b8   0x080025b8   0x00000020   Data   RO         3840    Region$$Table       anon$$obj.o


    Execution Region RW_IRAM1 (Exec base: 0x20000000, Load base: 0x080025d8, Size: 0x00000500, Max: 0x00005000, ABSOLUTE)

    Exec Addr    Load Addr    Size         Type   Attr      Idx    E Section Name        Object

    0x20000000   0x080025d8   0x00000014   Data   RW            7    .data               system_mm32l3xx.o
    0x20000014   0x080025ec   0x00000014   Data   RW         1729    .data               hal_rcc.o
    0x20000028   0x08002600   0x00000001   Data   RW         2861    .data               main.o
    0x20000029   0x08002601   0x00000001   PAD
    0x2000002a   0x08002602   0x00000004   Data   RW         2993    .data               delay.o
    0x2000002e   0x08002606   0x00000003   Data   RW         3228    .data               uart.o
    0x20000031   0x08002609   0x00000001   Data   RW         3472    .data               key.o
    0x20000032   0x0800260a   0x00000002   PAD
    0x20000034   0x0800260c   0x00000004   Data   RW         3814    .data               mc_w.l(stdout.o)
    0x20000038        -       0x000000c8   Zero   RW         3227    .bss                uart.o
    0x20000100        -       0x00000400   Zero   RW          126    STACK               startup_mm32l3xx.o


==============================================================================

Image component sizes


      Code (inc. data)   RO Data    RW Data    ZI Data      Debug   Object Name

       356         44          0          0          0       2711   adc.o
        40          8          0          0          0       1265   beep.o
       144         22          0          4          0       1104   delay.o
       664        194          0          0          0       3606   eeprom.o
       260         16          0          0          0       4411   hal_adc.o
       396          6          0          0          0       3090   hal_gpio.o
       188         24          0          0          0       2057   hal_misc.o
       300         36          0         20          0       4350   hal_rcc.o
       252          8          0          0          0       6916   hal_tim.o
       202          4          0          0          0       4623   hal_uart.o
       264         16          0          1          0       1122   key.o
       132         26          0          0          0        499   led.o
       784        294          0          1          0       3032   main.o
       498         40          0          0          0       5077   softwarei2c.o
        36          8        248          0       1024        832   startup_mm32l3xx.o
       272         26          0         20          0     162161   system_mm32l3xx.o
       172         12          0          0          0        640   tim.o
       396         26          0          3        200       2048   uart.o

    ----------------------------------------------------------------------
      5368        810        280         52       1224     209544   Object Totals
         0          0         32          0          0          0   (incl. Generated)
        12          0          0          3          0          0   (incl. Padding)

    ----------------------------------------------------------------------

      Code (inc. data)   RO Data    RW Data    ZI Data      Debug   Library Member Name

         0          0          0          0          0          0   entry.o
         0          0          0          0          0          0   entry10a.o
         0          0          0          0          0          0   entry11a.o
         8          4          0          0          0          0   entry2.o
         4          0          0          0          0          0   entry5.o
         0          0          0          0          0          0   entry7b.o
         0          0          0          0          0          0   entry8b.o
         8          4          0          0          0          0   entry9a.o
        30          0          0          0          0          0   handlers.o
        36          8          0          0          0         68   init.o
         0          0          0          0          0          0   iusefp.o
        30          0          0          0          0         68   llshl.o
        36          0          0          0          0         68   llsshr.o
        32          0          0          0          0         68   llushr.o
      2258         90          0          0          0        452   printfa.o
         0          0          0          4          0          0   stdout.o
        14          0          0          0          0         68   strlen.o
        30          0          0          0          0         80   strncmp.o
        44          0          0          0          0         80   uidiv.o
        98          0          0          0          0         92   uldiv.o
        48          0          0          0          0         68   cdrcmple.o
        56          0          0          0          0         88   d2f.o
       334          0          0          0          0        148   dadd.o
       222          0          0          0          0        100   ddiv.o
       186          0          0          0          0        176   depilogue.o
        48          0          0          0          0         68   dfixul.o
       228          0          0          0          0         96   dmul.o
        38          0          0          0          0         68   f2d.o
       124          0          0          0          0         88   fdiv.o
       110          0          0          0          0        168   fepilogue.o
        10          0          0          0          0         68   ffltui.o

    ----------------------------------------------------------------------
      4040        106          0          4          0       2180   Library Totals
         8          0          0          0          0          0   (incl. Padding)

    ----------------------------------------------------------------------

      Code (inc. data)   RO Data    RW Data    ZI Data      Debug   Library Name

      2628        106          0          4          0       1044   mc_w.l
      1404          0          0          0          0       1136   mf_w.l

    ----------------------------------------------------------------------
      4040        106          0          4          0       2180   Library Totals

    ----------------------------------------------------------------------

==============================================================================


      Code (inc. data)   RO Data    RW Data    ZI Data      Debug   

      9408        916        280         56       1224     207508   Grand Totals
      9408        916        280         56       1224     207508   ELF Image Totals
      9408        916        280         56          0          0   ROM Totals

==============================================================================

    Total RO  Size (Code + RO Data)                 9688 (   9.46kB)
    Total RW  Size (RW Data + ZI Data)              1280 (   1.25kB)
    Total ROM Size (Code + RO Data + RW Data)       9744 (   9.52kB)

==============================================================================

